Component: ARM Compiler 5.06 update 7 (build 960) Tool: armlink [4d3601]

==============================================================================

Section Cross References

    startup_stm32f103xb.o(RESET) refers to startup_stm32f103xb.o(STACK) for __initial_sp
    startup_stm32f103xb.o(RESET) refers to startup_stm32f103xb.o(.text) for Reset_Handler
    startup_stm32f103xb.o(RESET) refers to stm32f1xx_it.o(i.NMI_Handler) for NMI_Handler
    startup_stm32f103xb.o(RESET) refers to stm32f1xx_it.o(i.HardFault_Handler) for HardFault_Handler
    startup_stm32f103xb.o(RESET) refers to stm32f1xx_it.o(i.MemManage_Handler) for MemManage_Handler
    startup_stm32f103xb.o(RESET) refers to stm32f1xx_it.o(i.BusFault_Handler) for BusFault_Handler
    startup_stm32f103xb.o(RESET) refers to stm32f1xx_it.o(i.UsageFault_Handler) for UsageFault_Handler
    startup_stm32f103xb.o(RESET) refers to stm32f1xx_it.o(i.SVC_Handler) for SVC_Handler
    startup_stm32f103xb.o(RESET) refers to stm32f1xx_it.o(i.DebugMon_Handler) for DebugMon_Handler
    startup_stm32f103xb.o(RESET) refers to stm32f1xx_it.o(i.PendSV_Handler) for PendSV_Handler
    startup_stm32f103xb.o(RESET) refers to stm32f1xx_it.o(i.SysTick_Handler) for SysTick_Handler
    startup_stm32f103xb.o(RESET) refers to stm32f1xx_it.o(i.DMA1_Channel4_IRQHandler) for DMA1_Channel4_IRQHandler
    startup_stm32f103xb.o(RESET) refers to stm32f1xx_it.o(i.DMA1_Channel5_IRQHandler) for DMA1_Channel5_IRQHandler
    startup_stm32f103xb.o(RESET) refers to stm32f1xx_it.o(i.EXTI9_5_IRQHandler) for EXTI9_5_IRQHandler
    startup_stm32f103xb.o(RESET) refers to stm32f1xx_it.o(i.USART1_IRQHandler) for USART1_IRQHandler
    startup_stm32f103xb.o(.text) refers to system_stm32f1xx.o(i.SystemInit) for SystemInit
    startup_stm32f103xb.o(.text) refers to entry.o(.ARM.Collect$$$$00000000) for __main
    oled.o(i.OLED_Clear) refers to oled.o(i.SSD1306_WriteByte) for SSD1306_WriteByte
    oled.o(i.OLED_Init) refers to stm32f1xx_hal.o(i.HAL_Delay) for HAL_Delay
    oled.o(i.OLED_Init) refers to oled.o(i.SSD1306_WriteByte) for SSD1306_WriteByte
    oled.o(i.OLED_Set_Pos) refers to oled.o(i.SSD1306_WriteByte) for SSD1306_WriteByte
    oled.o(i.OLED_ShowChar) refers to oled.o(i.OLED_Set_Pos) for OLED_Set_Pos
    oled.o(i.OLED_ShowChar) refers to oled.o(i.SSD1306_WriteByte) for SSD1306_WriteByte
    oled.o(i.OLED_ShowChar) refers to oled.o(.constdata) for .constdata
    oled.o(i.OLED_ShowNum) refers to oled.o(i.oled_pow) for oled_pow
    oled.o(i.OLED_ShowNum) refers to oled.o(i.OLED_ShowChar) for OLED_ShowChar
    oled.o(i.OLED_ShowPic) refers to oled.o(i.OLED_Set_Pos) for OLED_Set_Pos
    oled.o(i.OLED_ShowPic) refers to oled.o(i.SSD1306_WriteByte) for SSD1306_WriteByte
    oled.o(i.OLED_ShowString) refers to oled.o(i.OLED_ShowChar) for OLED_ShowChar
    oled.o(i.SSD1306_WriteByte) refers to stm32f1xx_hal_i2c.o(i.HAL_I2C_Master_Transmit) for HAL_I2C_Master_Transmit
    oled.o(i.SSD1306_WriteByte) refers to i2c.o(.bss) for hi2c1
    oled.o(.data) refers to oled.o(.constdata) for bmp_data
    sddriver.o(i.Get_SDCard_Capacity) refers to sddriver.o(i.SD_Initialize) for SD_Initialize
    sddriver.o(i.Get_SDCard_Capacity) refers to printfa.o(i.__0printf) for __2printf
    sddriver.o(i.Get_SDCard_Capacity) refers to ff.o(i.f_mount) for f_mount
    sddriver.o(i.Get_SDCard_Capacity) refers to ff.o(i.f_getfree) for f_getfree
    sddriver.o(i.MSD0_GetCardInfo) refers to sddriver.o(i.SD_sendcmd) for SD_sendcmd
    sddriver.o(i.MSD0_GetCardInfo) refers to sddriver.o(i.SD_ReceiveData) for SD_ReceiveData
    sddriver.o(i.ReadtoSD) refers to sddriver.o(i.SD_Initialize) for SD_Initialize
    sddriver.o(i.ReadtoSD) refers to printfa.o(i.__0printf) for __2printf
    sddriver.o(i.ReadtoSD) refers to ff.o(i.f_mount) for f_mount
    sddriver.o(i.ReadtoSD) refers to ff.o(i.f_open) for f_open
    sddriver.o(i.ReadtoSD) refers to ff.o(i.f_mkfs) for f_mkfs
    sddriver.o(i.ReadtoSD) refers to ff.o(i.f_read) for f_read
    sddriver.o(i.ReadtoSD) refers to ff.o(i.f_close) for f_close
    sddriver.o(i.SD_CS) refers to stm32f1xx_hal_gpio.o(i.HAL_GPIO_WritePin) for HAL_GPIO_WritePin
    sddriver.o(i.SD_GETCID) refers to sddriver.o(i.SD_sendcmd) for SD_sendcmd
    sddriver.o(i.SD_GETCID) refers to sddriver.o(i.SD_ReceiveData) for SD_ReceiveData
    sddriver.o(i.SD_GETCID) refers to sddriver.o(i.SD_CS) for SD_CS
    sddriver.o(i.SD_GETCSD) refers to sddriver.o(i.SD_sendcmd) for SD_sendcmd
    sddriver.o(i.SD_GETCSD) refers to sddriver.o(i.SD_ReceiveData) for SD_ReceiveData
    sddriver.o(i.SD_GETCSD) refers to sddriver.o(i.SD_CS) for SD_CS
    sddriver.o(i.SD_GetSectorCount) refers to sddriver.o(i.SD_GETCSD) for SD_GETCSD
    sddriver.o(i.SD_Initialize) refers to sddriver.o(i.SD_CS) for SD_CS
    sddriver.o(i.SD_Initialize) refers to sddriver.o(i.spi_readwrite) for spi_readwrite
    sddriver.o(i.SD_Initialize) refers to sddriver.o(i.SD_sendcmd) for SD_sendcmd
[...]
    cdrcmple.s                               0x00000000   Number         0  cdrcmple.o ABSOLUTE
    dc.s                                     0x00000000   Number         0  dc.o ABSOLUTE
    handlers.s                               0x00000000   Number         0  handlers.o ABSOLUTE
    init.s                                   0x00000000   Number         0  init.o ABSOLUTE
    startup_stm32f103xb.s                    0x00000000   Number         0  startup_stm32f103xb.o ABSOLUTE
    RESET                                    0x08000000   Section      236  startup_stm32f103xb.o(RESET)
    .ARM.Collect$$$$00000000                 0x080000ec   Section        0  entry.o(.ARM.Collect$$$$00000000)
    .ARM.Collect$$$$00000001                 0x080000ec   Section        4  entry2.o(.ARM.Collect$$$$00000001)
    .ARM.Collect$$$$00000004                 0x080000f0   Section        4  entry5.o(.ARM.Collect$$$$00000004)
    .ARM.Collect$$$$00000008                 0x080000f4   Section        0  entry7b.o(.ARM.Collect$$$$00000008)
    .ARM.Collect$$$$0000000A                 0x080000f4   Section        0  entry8b.o(.ARM.Collect$$$$0000000A)
    .ARM.Collect$$$$0000000B                 0x080000f4   Section        8  entry9a.o(.ARM.Collect$$$$0000000B)
    .ARM.Collect$$$$0000000E                 0x080000fc   Section        4  entry12b.o(.ARM.Collect$$$$0000000E)
    .ARM.Collect$$$$0000000F                 0x08000100   Section        0  entry10a.o(.ARM.Collect$$$$0000000F)
    .ARM.Collect$$$$00000011                 0x08000100   Section        0  entry11a.o(.ARM.Collect$$$$00000011)
    .ARM.Collect$$$$00002712                 0x08000100   Section        4  entry2.o(.ARM.Collect$$$$00002712)
    __lit__00000000                          0x08000100   Data           4  entry2.o(.ARM.Collect$$$$00002712)
    .text                                    0x08000104   Section       36  startup_stm32f103xb.o(.text)
    .text                                    0x08000128   Section        0  llushr.o(.text)
    .text                                    0x08000148   Section        0  memseta.o(.text)
    .text                                    0x0800016c   Section        0  strcmp.o(.text)
    .text                                    0x08000188   Section        0  uidiv.o(.text)
    .text                                    0x080001b4   Section        0  uldiv.o(.text)
    .text                                    0x08000216   Section        0  iusefp.o(.text)
    .text                                    0x08000216   Section        0  dadd.o(.text)
    .text                                    0x08000364   Section        0  dmul.o(.text)
    .text                                    0x08000448   Section        0  ddiv.o(.text)
    .text                                    0x08000526   Section        0  dfixul.o(.text)
    .text                                    0x08000558   Section       48  cdrcmple.o(.text)
    .text                                    0x08000588   Section       36  init.o(.text)
    .text                                    0x080005ac   Section        0  llshl.o(.text)
    .text                                    0x080005ca   Section        0  llsshr.o(.text)
    .text                                    0x080005ee   Section        0  depilogue.o(.text)
    i.BusFault_Handler                       0x080006a8   Section        0  stm32f1xx_it.o(i.BusFault_Handler)
    i.DMA1_Channel4_IRQHandler               0x080006ac   Section        0  stm32f1xx_it.o(i.DMA1_Channel4_IRQHandler)
    i.DMA1_Channel5_IRQHandler               0x080006b8   Section        0  stm32f1xx_it.o(i.DMA1_Channel5_IRQHandler)
    i.DebugMon_Handler                       0x080006c4   Section        0  stm32f1xx_it.o(i.DebugMon_Handler)
    i.EXTI9_5_IRQHandler                     0x080006c6   Section        0  stm32f1xx_it.o(i.EXTI9_5_IRQHandler)
    i.Error_Handler                          0x080006ce   Section        0  main.o(i.Error_Handler)
    i.FATFS_LinkDriver                       0x080006d2   Section        0  ff_gen_drv.o(i.FATFS_LinkDriver)
    i.FATFS_LinkDriverEx                     0x080006d8   Section        0  ff_gen_drv.o(i.FATFS_LinkDriverEx)
    i.Get_SDCard_Capacity                    0x08000718   Section        0  sddriver.o(i.Get_SDCard_Capacity)
    i.HAL_DMA_Abort                          0x08000838   Section        0  stm32f1xx_hal_dma.o(i.HAL_DMA_Abort)
    i.HAL_DMA_Abort_IT                       0x08000880   Section        0  stm32f1xx_hal_dma.o(i.HAL_DMA_Abort_IT)
    i.HAL_DMA_IRQHandler                     0x08000918   Section        0  stm32f1xx_hal_dma.o(i.HAL_DMA_IRQHandler)
    i.HAL_DMA_Init                           0x08000a6c   Section        0  stm32f1xx_hal_dma.o(i.HAL_DMA_Init)
    i.HAL_Delay                              0x08000ac8   Section        0  stm32f1xx_hal.o(i.HAL_Delay)
    i.HAL_GPIO_EXTI_Callback                 0x08000aec   Section        0  gpio.o(i.HAL_GPIO_EXTI_Callback)
    i.HAL_GPIO_EXTI_IRQHandler               0x08000b04   Section        0  stm32f1xx_hal_gpio.o(i.HAL_GPIO_EXTI_IRQHandler)
    i.HAL_GPIO_Init                          0x08000b1c   Section        0  stm32f1xx_hal_gpio.o(i.HAL_GPIO_Init)
    i.HAL_GPIO_TogglePin                     0x08000cfc   Section        0  stm32f1xx_hal_gpio.o(i.HAL_GPIO_TogglePin)
    i.HAL_GPIO_WritePin                      0x08000d0c   Section        0  stm32f1xx_hal_gpio.o(i.HAL_GPIO_WritePin)
    i.HAL_GetTick                            0x08000d18   Section        0  stm32f1xx_hal.o(i.HAL_GetTick)
    i.HAL_I2C_Init                           0x08000d24   Section        0  stm32f1xx_hal_i2c.o(i.HAL_I2C_Init)
    i.HAL_I2C_Master_Transmit                0x08000eac   Section        0  stm32f1xx_hal_i2c.o(i.HAL_I2C_Master_Transmit)
    i.HAL_I2C_MspInit                        0x08000fd8   Section        0  i2c.o(i.HAL_I2C_MspInit)
    i.HAL_IncTick                            0x08001034   Section        0  stm32f1xx_hal.o(i.HAL_IncTick)
    i.HAL_Init                               0x08001044   Section        0  stm32f1xx_hal.o(i.HAL_Init)
    i.HAL_InitTick                           0x08001068   Section        0  stm32f1xx_hal.o(i.HAL_InitTick)
    i.HAL_MspInit                            0x080010a8   Section        0  stm32f1xx_hal_msp.o(i.HAL_MspInit)
    i.HAL_NVIC_EnableIRQ                     0x080010e4   Section        0  stm32f1xx_hal_cortex.o(i.HAL_NVIC_EnableIRQ)
    i.HAL_NVIC_SetPriority                   0x08001100   Section        0  stm32f1xx_hal_cortex.o(i.HAL_NVIC_SetPriority)
    i.HAL_NVIC_SetPriorityGrouping           0x08001140   Section        0  stm32f1xx_hal_cortex.o(i.HAL_NVIC_SetPriorityGrouping)
    i.HAL_PWR_EnableBkUpAccess               0x08001164   Section        0  stm32f1xx_hal_pwr.o(i.HAL_PWR_EnableBkUpAccess)
    i.HAL_RCCEx_GetPeriphCLKFreq             0x08001170   Section        0  stm32f1xx_hal_rcc_ex.o(i.HAL_RCCEx_GetPeriphCLKFreq)
    i.HAL_RCCEx_PeriphCLKConfig              0x08001214   Section        0  stm32f1xx_hal_rcc_ex.o(i.HAL_RCCEx_PeriphCLKConfig)
    i.HAL_RCC_ClockConfig                    0x08001300   Section        0  stm32f1xx_hal_rcc.o(i.HAL_RCC_ClockConfig)
    i.HAL_RCC_GetPCLK1Freq                   0x0800142c   Section        0  stm32f1xx_hal_rcc.o(i.HAL_RCC_GetPCLK1Freq)
    i.HAL_RCC_GetPCLK2Freq                   0x0800144c   Section        0  stm32f1xx_hal_rcc.o(i.HAL_RCC_GetPCLK2Freq)
    i.HAL_RCC_GetSysClockFreq                0x0800146c   Section        0  stm32f1xx_hal_rcc.o(i.HAL_RCC_GetSysClockFreq)
    i.HAL_RCC_OscConfig                      0x080014b8   Section        0  stm32f1xx_hal_rcc.o(i.HAL_RCC_OscConfig)
    i.HAL_RTC_GetDate                        0x080017d8   Section        0  stm32f1xx_hal_rtc.o(i.HAL_RTC_GetDate)
    i.HAL_RTC_GetTime                        0x08001826   Section        0  stm32f1xx_hal_rtc.o(i.HAL_RTC_GetTime)
    i.HAL_RTC_Init                           0x08001900   Section        0  stm32f1xx_hal_rtc.o(i.HAL_RTC_Init)
    i.HAL_RTC_MspInit                        0x08001994   Section        0  rtc.o(i.HAL_RTC_MspInit)
    i.HAL_RTC_SetDate                        0x080019c8   Section        0  stm32f1xx_hal_rtc.o(i.HAL_RTC_SetDate)
    i.HAL_RTC_SetTime                        0x08001a8c   Section        0  stm32f1xx_hal_rtc.o(i.HAL_RTC_SetTime)
    i.HAL_RTC_WaitForSynchro                 0x08001b38   Section        0  stm32f1xx_hal_rtc.o(i.HAL_RTC_WaitForSynchro)
    i.HAL_SPI_Init                           0x08001b72   Section        0  stm32f1xx_hal_spi.o(i.HAL_SPI_Init)
    i.HAL_SPI_MspInit                        0x08001c24   Section        0  spi.o(i.HAL_SPI_MspInit)
    i.HAL_SPI_TransmitReceive                0x08001c94   Section        0  stm32f1xx_hal_spi.o(i.HAL_SPI_TransmitReceive)
    i.HAL_SYSTICK_Config                     0x08001e82   Section        0  stm32f1xx_hal_cortex.o(i.HAL_SYSTICK_Config)
    i.HAL_UARTEx_RxEventCallback             0x08001eaa   Section        0  stm32f1xx_hal_uart.o(i.HAL_UARTEx_RxEventCallback)
    i.HAL_UART_ErrorCallback                 0x08001eac   Section        0  stm32f1xx_hal_uart.o(i.HAL_UART_ErrorCallback)
    i.HAL_UART_IRQHandler                    0x08001eb0   Section        0  stm32f1xx_hal_uart.o(i.HAL_UART_IRQHandler)
    i.HAL_UART_Init                          0x0800211c   Section        0  stm32f1xx_hal_uart.o(i.HAL_UART_Init)
    i.HAL_UART_MspInit                       0x08002180   Section        0  usart.o(i.HAL_UART_MspInit)
    i.HAL_UART_Receive_IT                    0x08002264   Section        0  stm32f1xx_hal_uart.o(i.HAL_UART_Receive_IT)
    i.HAL_UART_RxCpltCallback                0x08002280   Section        0  usart.o(i.HAL_UART_RxCpltCallback)
    i.HAL_UART_Transmit                      0x080022c4   Section        0  stm32f1xx_hal_uart.o(i.HAL_UART_Transmit)
    i.HAL_UART_TxCpltCallback                0x0800235e   Section        0  stm32f1xx_hal_uart.o(i.HAL_UART_TxCpltCallback)
    i.HardFault_Handler                      0x08002360   Section        0  stm32f1xx_it.o(i.HardFault_Handler)
    i.I2C_IsAcknowledgeFailed                0x08002362   Section        0  stm32f1xx_hal_i2c.o(i.I2C_IsAcknowledgeFailed)
    I2C_IsAcknowledgeFailed                  0x08002363   Thumb Code    46  stm32f1xx_hal_i2c.o(i.I2C_IsAcknowledgeFailed)
    i.I2C_MasterRequestWrite                 0x08002390   Section        0  stm32f1xx_hal_i2c.o(i.I2C_MasterRequestWrite)
    I2C_MasterRequestWrite                   0x08002391   Thumb Code   150  stm32f1xx_hal_i2c.o(i.I2C_MasterRequestWrite)
    i.I2C_WaitOnBTFFlagUntilTimeout          0x0800242c   Section        0  stm32f1xx_hal_i2c.o(i.I2C_WaitOnBTFFlagUntilTimeout)
    I2C_WaitOnBTFFlagUntilTimeout            0x0800242d   Thumb Code    86  stm32f1xx_hal_i2c.o(i.I2C_WaitOnBTFFlagUntilTimeout)
    i.I2C_WaitOnFlagUntilTimeout             0x08002484   Section        0  stm32f1xx_hal_i2c.o(i.I2C_WaitOnFlagUntilTimeout)
    I2C_WaitOnFlagUntilTimeout               0x08002485   Thumb Code   144  stm32f1xx_hal_i2c.o(i.I2C_WaitOnFlagUntilTimeout)
    i.I2C_WaitOnMasterAddressFlagUntilTimeout 0x08002514   Section        0  stm32f1xx_hal_i2c.o(i.I2C_WaitOnMasterAddressFlagUntilTimeout)
    I2C_WaitOnMasterAddressFlagUntilTimeout  0x08002515   Thumb Code   188  stm32f1xx_hal_i2c.o(i.I2C_WaitOnMasterAddressFlagUntilTimeout)
    i.I2C_WaitOnTXEFlagUntilTimeout          0x080025d0   Section        0  stm32f1xx_hal_i2c.o(i.I2C_WaitOnTXEFlagUntilTimeout)
    I2C_WaitOnTXEFlagUntilTimeout            0x080025d1   Thumb Code    86  stm32f1xx_hal_i2c.o(i.I2C_WaitOnTXEFlagUntilTimeout)
    i.MX_DMA_Init                            0x08002628   Section        0  dma.o(i.MX_DMA_Init)
    i.MX_FATFS_Init                          0x08002694   Section        0  fatfs.o(i.MX_FATFS_Init)
    i.MX_GPIO_Init                           0x080026b0   Section        0  gpio.o(i.MX_GPIO_Init)
    i.MX_I2C1_Init                           0x08002778   Section        0  i2c.o(i.MX_I2C1_Init)
    i.MX_RTC_Init                            0x080027b8   Section        0  rtc.o(i.MX_RTC_Init)
    i.MX_SPI1_Init                           0x08002830   Section        0  spi.o(i.MX_SPI1_Init)
    i.MX_USART1_UART_Init                    0x08002878   Section        0  usart.o(i.MX_USART1_UART_Init)
    i.MemManage_Handler                      0x080028b8   Section        0  stm32f1xx_it.o(i.MemManage_Handler)
    i.MyRTC_ReadTime                         0x080028bc   Section        0  rtc.o(i.MyRTC_ReadTime)
    i.NMI_Handler                            0x08002914   Section        0  stm32f1xx_it.o(i.NMI_Handler)
    i.OLED_Clear                             0x08002916   Section        0  oled.o(i.OLED_Clear)
    i.OLED_Init                              0x08002952   Section        0  oled.o(i.OLED_Init)
    i.OLED_Set_Pos                           0x08002a46   Section        0  oled.o(i.OLED_Set_Pos)
    i.OLED_ShowChar                          0x08002a70   Section        0  oled.o(i.OLED_ShowChar)
    i.OLED_ShowString                        0x08002af8   Section        0  oled.o(i.OLED_ShowString)
    i.PendSV_Handler                         0x08002b2e   Section        0  stm32f1xx_it.o(i.PendSV_Handler)
    i.RTC_Bcd2ToByte                         0x08002b30   Section        0  stm32f1xx_hal_rtc.o(i.RTC_Bcd2ToByte)
    RTC_Bcd2ToByte                           0x08002b31   Thumb Code    18  stm32f1xx_hal_rtc.o(i.RTC_Bcd2ToByte)
    i.RTC_ByteToBcd2                         0x08002b42   Section        0  stm32f1xx_hal_rtc.o(i.RTC_ByteToBcd2)
    RTC_ByteToBcd2                           0x08002b43   Thumb Code    22  stm32f1xx_hal_rtc.o(i.RTC_ByteToBcd2)
    i.RTC_DateUpdate                         0x08002b58   Section        0  stm32f1xx_hal_rtc.o(i.RTC_DateUpdate)
    RTC_DateUpdate                           0x08002b59   Thumb Code   174  stm32f1xx_hal_rtc.o(i.RTC_DateUpdate)
    i.RTC_EnterInitMode                      0x08002c06   Section        0  stm32f1xx_hal_rtc.o(i.RTC_EnterInitMode)
    RTC_EnterInitMode                        0x08002c07   Thumb Code    52  stm32f1xx_hal_rtc.o(i.RTC_EnterInitMode)
    i.RTC_ExitInitMode                       0x08002c3c   Section        0  stm32f1xx_hal_rtc.o(i.RTC_ExitInitMode)
    RTC_ExitInitMode                         0x08002c3d   Thumb Code    54  stm32f1xx_hal_rtc.o(i.RTC_ExitInitMode)
    i.RTC_ReadAlarmCounter                   0x08002c72   Section        0  stm32f1xx_hal_rtc.o(i.RTC_ReadAlarmCounter)
    RTC_ReadAlarmCounter                     0x08002c73   Thumb Code    14  stm32f1xx_hal_rtc.o(i.RTC_ReadAlarmCounter)
    i.RTC_ReadTimeCounter                    0x08002c80   Section        0  stm32f1xx_hal_rtc.o(i.RTC_ReadTimeCounter)
    RTC_ReadTimeCounter                      0x08002c81   Thumb Code    32  stm32f1xx_hal_rtc.o(i.RTC_ReadTimeCounter)
    i.RTC_WeekDayNum                         0x08002ca0   Section        0  stm32f1xx_hal_rtc.o(i.RTC_WeekDayNum)
    RTC_WeekDayNum                           0x08002ca1   Thumb Code    86  stm32f1xx_hal_rtc.o(i.RTC_WeekDayNum)
    i.RTC_WriteAlarmCounter                  0x08002cf6   Section        0  stm32f1xx_hal_rtc.o(i.RTC_WriteAlarmCounter)
    RTC_WriteAlarmCounter                    0x08002cf7   Thumb Code    40  stm32f1xx_hal_rtc.o(i.RTC_WriteAlarmCounter)
    i.RTC_WriteTimeCounter                   0x08002d1e   Section        0  stm32f1xx_hal_rtc.o(i.RTC_WriteTimeCounter)
    RTC_WriteTimeCounter                     0x08002d1f   Thumb Code    40  stm32f1xx_hal_rtc.o(i.RTC_WriteTimeCounter)
    i.ReadtoSD                               0x08002d48   Section        0  sddriver.o(i.ReadtoSD)
    i.SD_CS                                  0x08002f2c   Section        0  sddriver.o(i.SD_CS)
    i.SD_GETCSD                              0x08002f44   Section        0  sddriver.o(i.SD_GETCSD)
    i.SD_GetSectorCount                      0x08002f72   Section        0  sddriver.o(i.SD_GetSectorCount)
    i.SD_Initialize                          0x08002fe0   Section        0  sddriver.o(i.SD_Initialize)
    i.SD_ReadDisk                            0x080031bc   Section        0  sddriver.o(i.SD_ReadDisk)
    i.SD_ReceiveData                         0x0800322c   Section        0  sddriver.o(i.SD_ReceiveData)
    i.SD_SendBlock                           0x0800326c   Section        0  sddriver.o(i.SD_SendBlock)
    i.SD_WriteDisk                           0x080032bc   Section        0  sddriver.o(i.SD_WriteDisk)
    i.SD_sendcmd                             0x08003344   Section        0  sddriver.o(i.SD_sendcmd)
    i.SPI_EndRxTxTransaction                 0x080033b4   Section        0  stm32f1xx_hal_spi.o(i.SPI_EndRxTxTransaction)
    SPI_EndRxTxTransaction                   0x080033b5   Thumb Code    32  stm32f1xx_hal_spi.o(i.SPI_EndRxTxTransaction)
    i.SPI_WaitFlagStateUntilTimeout          0x080033d4   Section        0  stm32f1xx_hal_spi.o(i.SPI_WaitFlagStateUntilTimeout)
    SPI_WaitFlagStateUntilTimeout            0x080033d5   Thumb Code   180  stm32f1xx_hal_spi.o(i.SPI_WaitFlagStateUntilTimeout)
    i.SPI_setspeed                           0x0800348c   Section        0  sddriver.o(i.SPI_setspeed)
    i.SSD1306_WriteByte                      0x08003498   Section        0  oled.o(i.SSD1306_WriteByte)
    i.SVC_Handler                            0x080034bc   Section        0  stm32f1xx_it.o(i.SVC_Handler)
    i.SysTick_Handler                        0x080034be   Section        0  stm32f1xx_it.o(i.SysTick_Handler)
    i.SystemClock_Config                     0x080034c2   Section        0  main.o(i.SystemClock_Config)
    i.SystemInit                             0x0800353c   Section        0  system_stm32f1xx.o(i.SystemInit)
    i.UART_DMAAbortOnError                   0x0800353e   Section        0  stm32f1xx_hal_uart.o(i.UART_DMAAbortOnError)
    UART_DMAAbortOnError                     0x0800353f   Thumb Code    16  stm32f1xx_hal_uart.o(i.UART_DMAAbortOnError)
    i.UART_EndRxTransfer                     0x0800354e   Section        0  stm32f1xx_hal_uart.o(i.UART_EndRxTransfer)
    UART_EndRxTransfer                       0x0800354f   Thumb Code    78  stm32f1xx_hal_uart.o(i.UART_EndRxTransfer)
    i.UART_Receive_IT                        0x0800359c   Section        0  stm32f1xx_hal_uart.o(i.UART_Receive_IT)
    UART_Receive_IT                          0x0800359d   Thumb Code   194  stm32f1xx_hal_uart.o(i.UART_Receive_IT)
    i.UART_SetConfig                         0x08003660   Section        0  stm32f1xx_hal_uart.o(i.UART_SetConfig)
    UART_SetConfig                           0x08003661   Thumb Code   178  stm32f1xx_hal_uart.o(i.UART_SetConfig)
    i.UART_Start_Receive_IT                  0x08003718   Section        0  stm32f1xx_hal_uart.o(i.UART_Start_Receive_IT)
    i.UART_WaitOnFlagUntilTimeout            0x0800374e   Section        0  stm32f1xx_hal_uart.o(i.UART_WaitOnFlagUntilTimeout)
    UART_WaitOnFlagUntilTimeout              0x0800374f   Thumb Code   120  stm32f1xx_hal_uart.o(i.UART_WaitOnFlagUntilTimeout)
    i.USART1_IRQHandler                      0x080037c8   Section        0  stm32f1xx_it.o(i.USART1_IRQHandler)
    i.USER_initialize                        0x080037d4   Section        0  user_diskio.o(i.USER_initialize)
    i.USER_ioctl                             0x080037f4   Section        0  user_diskio.o(i.USER_ioctl)
    i.USER_read                              0x08003842   Section        0  user_diskio.o(i.USER_read)
    i.USER_status                            0x08003864   Section        0  user_diskio.o(i.USER_status)
    i.USER_write                             0x08003878   Section        0  user_diskio.o(i.USER_write)
    i.UsageFault_Handler                     0x0800389a   Section        0  stm32f1xx_it.o(i.UsageFault_Handler)
    i.WritetoSD                              0x0800389c   Section        0  sddriver.o(i.WritetoSD)
    i.__0printf                              0x08003a88   Section        0  printfa.o(i.__0printf)
    i.__0sprintf                             0x08003aa8   Section        0  printfa.o(i.__0sprintf)
    i.__NVIC_SetPriority                     0x08003ad0   Section        0  stm32f1xx_hal_cortex.o(i.__NVIC_SetPriority)
    __NVIC_SetPriority                       0x08003ad1   Thumb Code    32  stm32f1xx_hal_cortex.o(i.__NVIC_SetPriority)
    i.__scatterload_copy                     0x08003af0   Section       14  handlers.o(i.__scatterload_copy)
    i.__scatterload_null                     0x08003afe   Section        2  handlers.o(i.__scatterload_null)
    i.__scatterload_zeroinit                 0x08003b00   Section       14  handlers.o(i.__scatterload_zeroinit)
    i._fp_digits                             0x08003b10   Section        0  printfa.o(i._fp_digits)
    _fp_digits                               0x08003b11   Thumb Code   366  printfa.o(i._fp_digits)
    i._printf_core                           0x08003c94   Section        0  printfa.o(i._printf_core)
    _printf_core                             0x08003c95   Thumb Code  1704  printfa.o(i._printf_core)
    i._printf_post_padding                   0x08004348   Section        0  printfa.o(i._printf_post_padding)
    _printf_post_padding                     0x08004349   Thumb Code    36  printfa.o(i._printf_post_padding)
    i._printf_pre_padding                    0x0800436c   Section        0  printfa.o(i._printf_pre_padding)
    _printf_pre_padding                      0x0800436d   Thumb Code    46  printfa.o(i._printf_pre_padding)
    i._sputc                                 0x0800439a   Section        0  printfa.o(i._sputc)
    _sputc                                   0x0800439b   Thumb Code    10  printfa.o(i._sputc)
    i.check_fs                               0x080043a4   Section        0  ff.o(i.check_fs)
    check_fs                                 0x080043a5   Thumb Code   116  ff.o(i.check_fs)
    i.chk_lock                               0x0800441c   Section        0  ff.o(i.chk_lock)
    chk_lock                                 0x0800441d   Thumb Code   102  ff.o(i.chk_lock)
    i.clear_lock                             0x08004488   Section        0  ff.o(i.clear_lock)
    clear_lock                               0x08004489   Thumb Code    32  ff.o(i.clear_lock)
    i.clmt_clust                             0x080044ac   Section        0  ff.o(i.clmt_clust)
    clmt_clust                               0x080044ad   Thumb Code    42  ff.o(i.clmt_clust)
    i.clust2sect                             0x080044d6   Section        0  ff.o(i.clust2sect)
    i.create_chain                           0x080044f4   Section        0  ff.o(i.create_chain)
    create_chain                             0x080044f5   Thumb Code   176  ff.o(i.create_chain)
    i.create_name                            0x080045a4   Section        0  ff.o(i.create_name)
    create_name                              0x080045a5   Thumb Code   234  ff.o(i.create_name)
    i.dec_lock                               0x080046a4   Section        0  ff.o(i.dec_lock)
    dec_lock                                 0x080046a5   Thumb Code    54  ff.o(i.dec_lock)
    i.dir_next                               0x080046e0   Section        0  ff.o(i.dir_next)
    dir_next                                 0x080046e1   Thumb Code   286  ff.o(i.dir_next)
    i.dir_register                           0x080047fe   Section        0  ff.o(i.dir_register)
    dir_register                             0x080047ff   Thumb Code   118  ff.o(i.dir_register)
    i.dir_sdi                                0x08004874   Section        0  ff.o(i.dir_sdi)
    dir_sdi                                  0x08004875   Thumb Code   152  ff.o(i.dir_sdi)
    i.disk_initialize                        0x0800490c   Section        0  diskio.o(i.disk_initialize)
    i.disk_ioctl                             0x08004934   Section        0  diskio.o(i.disk_ioctl)
    i.disk_read                              0x08004950   Section        0  diskio.o(i.disk_read)
    i.disk_status                            0x0800496c   Section        0  diskio.o(i.disk_status)
    i.disk_write                             0x08004984   Section        0  diskio.o(i.disk_write)
    i.f_close                                0x080049a0   Section        0  ff.o(i.f_close)
    i.f_getfree                              0x080049ca   Section        0  ff.o(i.f_getfree)
    i.f_lseek                                0x08004aa0   Section        0  ff.o(i.f_lseek)
    i.f_mkfs                                 0x08004d24   Section        0  ff.o(i.f_mkfs)
    i.f_mount                                0x0800525c   Section        0  ff.o(i.f_mount)
    i.f_open                                 0x080052b8   Section        0  ff.o(i.f_open)
    i.f_read                                 0x08005464   Section        0  ff.o(i.f_read)
    i.f_sync                                 0x080055f0   Section        0  ff.o(i.f_sync)
    i.f_write                                0x080056a8   Section        0  ff.o(i.f_write)
    i.find_volume                            0x08005880   Section        0  ff.o(i.find_volume)
    find_volume                              0x08005881   Thumb Code   706  ff.o(i.find_volume)
    i.follow_path                            0x08005b50   Section        0  ff.o(i.follow_path)
    follow_path                              0x08005b51   Thumb Code   192  ff.o(i.follow_path)
    i.fputc                                  0x08005c10   Section        0  usart.o(i.fputc)
    i.get_fat                                0x08005c34   Section        0  ff.o(i.get_fat)
    i.get_fattime                            0x08005d00   Section        0  fatfs.o(i.get_fattime)
    i.get_ldnumber                           0x08005d04   Section        0  ff.o(i.get_ldnumber)
    get_ldnumber                             0x08005d05   Thumb Code    60  ff.o(i.get_ldnumber)
    i.inc_lock                               0x08005d40   Section        0  ff.o(i.inc_lock)
    inc_lock                                 0x08005d41   Thumb Code   154  ff.o(i.inc_lock)
    i.ld_clust                               0x08005de0   Section        0  ff.o(i.ld_clust)
    ld_clust                                 0x08005de1   Thumb Code    20  ff.o(i.ld_clust)
    i.main                                   0x08005df4   Section        0  main.o(i.main)
    i.mem_cpy                                0x08005fb8   Section        0  ff.o(i.mem_cpy)
    mem_cpy                                  0x08005fb9   Thumb Code    18  ff.o(i.mem_cpy)
    i.mem_set                                0x08005fca   Section        0  ff.o(i.mem_set)
    mem_set                                  0x08005fcb   Thumb Code    14  ff.o(i.mem_set)
    i.move_window                            0x08005fd8   Section        0  ff.o(i.move_window)
    move_window                              0x08005fd9   Thumb Code    54  ff.o(i.move_window)
    i.put_fat                                0x0800600e   Section        0  ff.o(i.put_fat)
    i.remove_chain                           0x08006104   Section        0  ff.o(i.remove_chain)
    remove_chain                             0x08006105   Thumb Code   110  ff.o(i.remove_chain)
    i.spi_readwrite                          0x08006174   Section        0  sddriver.o(i.spi_readwrite)
    i.st_clust                               0x08006194   Section        0  ff.o(i.st_clust)
    st_clust                                 0x08006195   Thumb Code    16  ff.o(i.st_clust)
    i.sync_fs                                0x080061a4   Section        0  ff.o(i.sync_fs)
    sync_fs                                  0x080061a5   Thumb Code   182  ff.o(i.sync_fs)
    i.sync_window                            0x0800625a   Section        0  ff.o(i.sync_window)
    sync_window                              0x0800625b   Thumb Code    96  ff.o(i.sync_window)
    i.validate                               0x080062ba   Section        0  ff.o(i.validate)
    validate                                 0x080062bb   Thumb Code    44  ff.o(i.validate)
    .constdata                               0x080062e6   Section     2072  oled.o(.constdata)
    .constdata                               0x08006afe   Section       18  stm32f1xx_hal_rcc.o(.constdata)
    aPredivFactorTable                       0x08006afe   Data           2  stm32f1xx_hal_rcc.o(.constdata)
    aPLLMULFactorTable                       0x08006b00   Data          16  stm32f1xx_hal_rcc.o(.constdata)
    .constdata                               0x08006b10   Section       18  stm32f1xx_hal_rcc_ex.o(.constdata)
    aPredivFactorTable                       0x08006b10   Data           2  stm32f1xx_hal_rcc_ex.o(.constdata)
    aPLLMULFactorTable                       0x08006b12   Data          16  stm32f1xx_hal_rcc_ex.o(.constdata)
    .constdata                               0x08006b22   Section       16  system_stm32f1xx.o(.constdata)
    .constdata                               0x08006b32   Section        8  system_stm32f1xx.o(.constdata)
    .constdata                               0x08006b3a   Section      172  ff.o(.constdata)
    ExCvt                                    0x08006b3a   Data         128  ff.o(.constdata)
    vst                                      0x08006bba   Data          22  ff.o(.constdata)
    cst                                      0x08006bd0   Data          22  ff.o(.constdata)
    .conststring                             0x08006be8   Section       65  rtc.o(.conststring)
    .data                                    0x20000000   Section        2  sddriver.o(.data)
    .data                                    0x20000002   Section       25  main.o(.data)
    .data                                    0x2000001c   Section       32  rtc.o(.data)
    .data                                    0x2000003c   Section        1  usart.o(.data)
    .data                                    0x20000040   Section       12  stm32f1xx_hal.o(.data)
    .data                                    0x2000004c   Section        4  system_stm32f1xx.o(.data)
    .data                                    0x20000050   Section       20  user_diskio.o(.data)
    .data                                    0x20000064   Section        5  fatfs.o(.data)
    .data                                    0x2000006c   Section        8  ff.o(.data)
    Fsid                                     0x2000006c   Data           2  ff.o(.data)
    FatFs                                    0x20000070   Data           4  ff.o(.data)
    .data                                    0x20000074   Section        4  stdout.o(.data)
    .bss                                     0x20000078   Section       10  main.o(.bss)
    .bss                                     0x20000084   Section       68  dma.o(.bss)
    .bss                                     0x200000c8   Section       84  i2c.o(.bss)
    .bss                                     0x2000011c   Section       32  rtc.o(.bss)
    .bss                                     0x2000013c   Section       88  spi.o(.bss)
    .bss                                     0x20000194   Section      468  usart.o(.bss)
    .bss                                     0x20000368   Section       24  ff.o(.bss)
    Files                                    0x20000368   Data          24  ff.o(.bss)
    .bss                                     0x20000380   Section       12  ff_gen_drv.o(.bss)
    STACK                                    0x20000390   Section     4096  startup_stm32f103xb.o(STACK)

    Global Symbols

    Symbol Name                              Value     Ov Type        Size  Object(Section)

    BuildAttributes$$THM_ISAv4$P$D$K$B$S$PE$A:L22UL41UL21$X:L11$S22US41US21$IEEE1$IW$USESV6$~STKCKD$USESV7$~SHL$OSPACE$ROPI$EBA8$MICROLIB$REQ8$PRES8$EABIv2 0x00000000   Number         0  anon$$obj.o ABSOLUTE
    __ARM_use_no_argv                        0x00000000   Number         0  main.o ABSOLUTE
    _printf_a                                0x00000000   Number         0  stubs.o ABSOLUTE
    _printf_c                                0x00000000   Number         0  stubs.o ABSOLUTE
    _printf_charcount                        0x00000000   Number         0  stubs.o ABSOLUTE
    _printf_d                                0x00000000   Number         0  stubs.o ABSOLUTE
    _printf_e                                0x00000000   Number         0  stubs.o ABSOLUTE
    _printf_f                                0x00000000   Number         0  stubs.o ABSOLUTE
    _printf_flags                            0x00000000   Number         0  stubs.o ABSOLUTE
    _printf_fp_dec                           0x00000000   Number         0  stubs.o ABSOLUTE
    _printf_fp_hex                           0x00000000   Number         0  stubs.o ABSOLUTE
    _printf_g                                0x00000000   Number         0  stubs.o ABSOLUTE
    _printf_i                                0x00000000   Number         0  stubs.o ABSOLUTE
    _printf_int_dec                          0x00000000   Number         0  stubs.o ABSOLUTE
    _printf_l                                0x00000000   Number         0  stubs.o ABSOLUTE
    _printf_lc                               0x00000000   Number         0  stubs.o ABSOLUTE
    _printf_ll                               0x00000000   Number         0  stubs.o ABSOLUTE
    _printf_lld                              0x00000000   Number         0  stubs.o ABSOLUTE
    _printf_lli                              0x00000000   Number         0  stubs.o ABSOLUTE
    _printf_llo                              0x00000000   Number         0  stubs.o ABSOLUTE
    _printf_llu                              0x00000000   Number         0  stubs.o ABSOLUTE
    _printf_llx                              0x00000000   Number         0  stubs.o ABSOLUTE
    _printf_longlong_dec                     0x00000000   Number         0  stubs.o ABSOLUTE
    _printf_longlong_hex                     0x00000000   Number         0  stubs.o ABSOLUTE
    _printf_longlong_oct                     0x00000000   Number         0  stubs.o ABSOLUTE
    _printf_ls                               0x00000000   Number         0  stubs.o ABSOLUTE
    _printf_mbtowc                           0x00000000   Number         0  stubs.o ABSOLUTE
    _printf_n                                0x00000000   Number         0  stubs.o ABSOLUTE
    _printf_o                                0x00000000   Number         0  stubs.o ABSOLUTE
    _printf_p                                0x00000000   Number         0  stubs.o ABSOLUTE
    _printf_percent                          0x00000000   Number         0  stubs.o ABSOLUTE
    _printf_pre_padding                      0x00000000   Number         0  stubs.o ABSOLUTE
    _printf_return_value                     0x00000000   Number         0  stubs.o ABSOLUTE
    _printf_s                                0x00000000   Number         0  stubs.o ABSOLUTE
    _printf_sizespec                         0x00000000   Number         0  stubs.o ABSOLUTE
    _printf_str                              0x00000000   Number         0  stubs.o ABSOLUTE
    _printf_truncate_signed                  0x00000000   Number         0  stubs.o ABSOLUTE
    _printf_truncate_unsigned                0x00000000   Number         0  stubs.o ABSOLUTE
    _printf_u                                0x00000000   Number         0  stubs.o ABSOLUTE
    _printf_wc                               0x00000000   Number         0  stubs.o ABSOLUTE
    _printf_wctomb                           0x00000000   Number         0  stubs.o ABSOLUTE
    _printf_widthprec                        0x00000000   Number         0  stubs.o ABSOLUTE
    _printf_x                                0x00000000   Number         0  stubs.o ABSOLUTE
    __arm_fini_                               - Undefined Weak Reference
    __cpp_initialize__aeabi_                  - Undefined Weak Reference
    __cxa_finalize                            - Undefined Weak Reference
    __decompress                              - Undefined Weak Reference
    _clock_init                               - Undefined Weak Reference
    _microlib_exit                            - Undefined Weak Reference
    __Vectors_Size                           0x000000ec   Number         0  startup_stm32f103xb.o ABSOLUTE
    __Vectors                                0x08000000   Data           4  startup_stm32f103xb.o(RESET)
    __Vectors_End                            0x080000ec   Data           0  startup_stm32f103xb.o(RESET)
    __main                                   0x080000ed   Thumb Code     0  entry.o(.ARM.Collect$$$$00000000)
    _main_stk                                0x080000ed   Thumb Code     0  entry2.o(.ARM.Collect$$$$00000001)
    _main_scatterload                        0x080000f1   Thumb Code     0  entry5.o(.ARM.Collect$$$$00000004)
    __main_after_scatterload                 0x080000f5   Thumb Code     0  entry5.o(.ARM.Collect$$$$00000004)
    _main_clock                              0x080000f5   Thumb Code     0  entry7b.o(.ARM.Collect$$$$00000008)
    _main_cpp_init                           0x080000f5   Thumb Code     0  entry8b.o(.ARM.Collect$$$$0000000A)
    _main_init                               0x080000f5   Thumb Code     0  entry9a.o(.ARM.Collect$$$$0000000B)
    __rt_lib_shutdown_fini                   0x080000fd   Thumb Code     0  entry12b.o(.ARM.Collect$$$$0000000E)
    __rt_final_cpp                           0x08000101   Thumb Code     0  entry10a.o(.ARM.Collect$$$$0000000F)
    __rt_final_exit                          0x08000101   Thumb Code     0  entry11a.o(.ARM.Collect$$$$00000011)
    Reset_Handler                            0x08000105   Thumb Code     8  startup_stm32f103xb.o(.text)
    ADC1_2_IRQHandler                        0x0800011f   Thumb Code     0  startup_stm32f103xb.o(.text)
    CAN1_RX1_IRQHandler                      0x0800011f   Thumb Code     0  startup_stm32f103xb.o(.text)
    CAN1_SCE_IRQHandler                      0x0800011f   Thumb Code     0  startup_stm32f103xb.o(.text)
    DMA1_Channel1_IRQHandler                 0x0800011f   Thumb Code     0  startup_stm32f103xb.o(.text)
    DMA1_Channel2_IRQHandler                 0x0800011f   Thumb Code     0  startup_stm32f103xb.o(.text)
    DMA1_Channel3_IRQHandler                 0x0800011f   Thumb Code     0  startup_stm32f103xb.o(.text)
    DMA1_Channel6_IRQHandler                 0x0800011f   Thumb Code     0  startup_stm32f103xb.o(.text)
    DMA1_Channel7_IRQHandler                 0x0800011f   Thumb Code     0  startup_stm32f103xb.o(.text)
    EXTI0_IRQHandler                         0x0800011f   Thumb Code     0  startup_stm32f103xb.o(.text)
    EXTI15_10_IRQHandler                     0x0800011f   Thumb Code     0  startup_stm32f103xb.o(.text)
    EXTI1_IRQHandler                         0x0800011f   Thumb Code     0  startup_stm32f103xb.o(.text)
    EXTI2_IRQHandler                         0x0800011f   Thumb Code     0  startup_stm32f103xb.o(.text)
    EXTI3_IRQHandler                         0x0800011f   Thumb Code     0  startup_stm32f103xb.o(.text)
    EXTI4_IRQHandler                         0x0800011f   Thumb Code     0  startup_stm32f103xb.o(.text)
    FLASH_IRQHandler                         0x0800011f   Thumb Code     0  startup_stm32f103xb.o(.text)
    I2C1_ER_IRQHandler                       0x0800011f   Thumb Code     0  startup_stm32f103xb.o(.text)
    I2C1_EV_IRQHandler                       0x0800011f   Thumb Code     0  startup_stm32f103xb.o(.text)
    I2C2_ER_IRQHandler                       0x0800011f   Thumb Code     0  startup_stm32f103xb.o(.text)
    I2C2_EV_IRQHandler                       0x0800011f   Thumb Code     0  startup_stm32f103xb.o(.text)
    PVD_IRQHandler                           0x0800011f   Thumb Code     0  startup_stm32f103xb.o(.text)
    RCC_IRQHandler                           0x0800011f   Thumb Code     0  startup_stm32f103xb.o(.text)
    RTC_Alarm_IRQHandler                     0x0800011f   Thumb Code     0  startup_stm32f103xb.o(.text)
    RTC_IRQHandler                           0x0800011f   Thumb Code     0  startup_stm32f103xb.o(.text)
    SPI1_IRQHandler                          0x0800011f   Thumb Code     0  startup_stm32f103xb.o(.text)
    SPI2_IRQHandler                          0x0800011f   Thumb Code     0  startup_stm32f103xb.o(.text)
    TAMPER_IRQHandler                        0x0800011f   Thumb Code     0  startup_stm32f103xb.o(.text)
    TIM1_BRK_IRQHandler                      0x0800011f   Thumb Code     0  startup_stm32f103xb.o(.text)
    TIM1_CC_IRQHandler                       0x0800011f   Thumb Code     0  startup_stm32f103xb.o(.text)
    TIM1_TRG_COM_IRQHandler                  0x0800011f   Thumb Code     0  startup_stm32f103xb.o(.text)
    TIM1_UP_IRQHandler                       0x0800011f   Thumb Code     0  startup_stm32f103xb.o(.text)
    TIM2_IRQHandler                          0x0800011f   Thumb Code     0  startup_stm32f103xb.o(.text)
    TIM3_IRQHandler                          0x0800011f   Thumb Code     0  startup_stm32f103xb.o(.text)
    TIM4_IRQHandler                          0x0800011f   Thumb Code     0  startup_stm32f103xb.o(.text)
    USART2_IRQHandler                        0x0800011f   Thumb Code     0  startup_stm32f103xb.o(.text)
    USART3_IRQHandler                        0x0800011f   Thumb Code     0  startup_stm32f103xb.o(.text)
    USBWakeUp_IRQHandler                     0x0800011f   Thumb Code     0  startup_stm32f103xb.o(.text)
    USB_HP_CAN1_TX_IRQHandler                0x0800011f   Thumb Code     0  startup_stm32f103xb.o(.text)
    USB_LP_CAN1_RX0_IRQHandler               0x0800011f   Thumb Code     0  startup_stm32f103xb.o(.text)
    WWDG_IRQHandler                          0x0800011f   Thumb Code     0  startup_stm32f103xb.o(.text)
    __aeabi_llsr                             0x08000129   Thumb Code    32  llushr.o(.text)
    _ll_ushift_r                             0x08000129   Thumb Code     0  llushr.o(.text)
    __aeabi_memset                           0x08000149   Thumb Code    14  memseta.o(.text)
    __aeabi_memset4                          0x08000149   Thumb Code     0  memseta.o(.text)
    __aeabi_memset8                          0x08000149   Thumb Code     0  memseta.o(.text)
    __aeabi_memclr                           0x08000157   Thumb Code     4  memseta.o(.text)
    __aeabi_memclr4                          0x08000157   Thumb Code     0  memseta.o(.text)
    __aeabi_memclr8                          0x08000157   Thumb Code     0  memseta.o(.text)
    _memset$wrapper                          0x0800015b   Thumb Code    18  memseta.o(.text)
    strcmp                                   0x0800016d   Thumb Code    28  strcmp.o(.text)
    __aeabi_uidiv                            0x08000189   Thumb Code     0  uidiv.o(.text)
    __aeabi_uidivmod                         0x08000189   Thumb Code    44  uidiv.o(.text)
    __aeabi_uldivmod                         0x080001b5   Thumb Code    98  uldiv.o(.text)
    __I$use$fp                               0x08000217   Thumb Code     0  iusefp.o(.text)
    __aeabi_dadd                             0x08000217   Thumb Code   322  dadd.o(.text)
    __aeabi_dsub                             0x08000359   Thumb Code     6  dadd.o(.text)
    __aeabi_drsub                            0x0800035f   Thumb Code     6  dadd.o(.text)
    __aeabi_dmul                             0x08000365   Thumb Code   228  dmul.o(.text)
    __aeabi_ddiv                             0x08000449   Thumb Code   222  ddiv.o(.text)
    __aeabi_d2ulz                            0x08000527   Thumb Code    48  dfixul.o(.text)
    __aeabi_cdrcmple                         0x08000559   Thumb Code    48  cdrcmple.o(.text)
    __scatterload                            0x08000589   Thumb Code    28  init.o(.text)
    __scatterload_rt2                        0x08000589   Thumb Code     0  init.o(.text)
    __aeabi_llsl                             0x080005ad   Thumb Code    30  llshl.o(.text)
    _ll_shift_l                              0x080005ad   Thumb Code     0  llshl.o(.text)
    __aeabi_lasr                             0x080005cb   Thumb Code    36  llsshr.o(.text)
    _ll_sshift_r                             0x080005cb   Thumb Code     0  llsshr.o(.text)
    _double_round                            0x080005ef   Thumb Code    30  depilogue.o(.text)
    _double_epilogue                         0x0800060d   Thumb Code   156  depilogue.o(.text)
    BusFault_Handler                         0x080006a9   Thumb Code     2  stm32f1xx_it.o(i.BusFault_Handler)
    DMA1_Channel4_IRQHandler                 0x080006ad   Thumb Code     6  stm32f1xx_it.o(i.DMA1_Channel4_IRQHandler)
    DMA1_Channel5_IRQHandler                 0x080006b9   Thumb Code     6  stm32f1xx_it.o(i.DMA1_Channel5_IRQHandler)
    DebugMon_Handler                         0x080006c5   Thumb Code     2  stm32f1xx_it.o(i.DebugMon_Handler)
    EXTI9_5_IRQHandler                       0x080006c7   Thumb Code     8  stm32f1xx_it.o(i.EXTI9_5_IRQHandler)
    Error_Handler                            0x080006cf   Thumb Code     4  main.o(i.Error_Handler)
    FATFS_LinkDriver                         0x080006d3   Thumb Code     6  ff_gen_drv.o(i.FATFS_LinkDriver)
    FATFS_LinkDriverEx                       0x080006d9   Thumb Code    60  ff_gen_drv.o(i.FATFS_LinkDriverEx)
    Get_SDCard_Capacity                      0x08000719   Thumb Code   106  sddriver.o(i.Get_SDCard_Capacity)
    HAL_DMA_Abort                            0x08000839   Thumb Code    70  stm32f1xx_hal_dma.o(i.HAL_DMA_Abort)
    HAL_DMA_Abort_IT                         0x08000881   Thumb Code   148  stm32f1xx_hal_dma.o(i.HAL_DMA_Abort_IT)
    HAL_DMA_IRQHandler                       0x08000919   Thumb Code   316  stm32f1xx_hal_dma.o(i.HAL_DMA_IRQHandler)
    HAL_DMA_Init                             0x08000a6d   Thumb Code    84  stm32f1xx_hal_dma.o(i.HAL_DMA_Init)
    HAL_Delay                                0x08000ac9   Thumb Code    32  stm32f1xx_hal.o(i.HAL_Delay)
    HAL_GPIO_EXTI_Callback                   0x08000aed   Thumb Code    18  gpio.o(i.HAL_GPIO_EXTI_Callback)
    HAL_GPIO_EXTI_IRQHandler                 0x08000b05   Thumb Code    18  stm32f1xx_hal_gpio.o(i.HAL_GPIO_EXTI_IRQHandler)
    HAL_GPIO_Init                            0x08000b1d   Thumb Code   446  stm32f1xx_hal_gpio.o(i.HAL_GPIO_Init)
    HAL_GPIO_TogglePin                       0x08000cfd   Thumb Code    16  stm32f1xx_hal_gpio.o(i.HAL_GPIO_TogglePin)
    HAL_GPIO_WritePin                        0x08000d0d   Thumb Code    10  stm32f1xx_hal_gpio.o(i.HAL_GPIO_WritePin)
    HAL_GetTick                              0x08000d19   Thumb Code     6  stm32f1xx_hal.o(i.HAL_GetTick)
    HAL_I2C_Init                             0x08000d25   Thumb Code   376  stm32f1xx_hal_i2c.o(i.HAL_I2C_Init)
    HAL_I2C_Master_Transmit                  0x08000ead   Thumb Code   290  stm32f1xx_hal_i2c.o(i.HAL_I2C_Master_Transmit)
    HAL_I2C_MspInit                          0x08000fd9   Thumb Code    80  i2c.o(i.HAL_I2C_MspInit)
    HAL_IncTick                              0x08001035   Thumb Code    12  stm32f1xx_hal.o(i.HAL_IncTick)
    HAL_Init                                 0x08001045   Thumb Code    32  stm32f1xx_hal.o(i.HAL_Init)
    HAL_InitTick                             0x08001069   Thumb Code    54  stm32f1xx_hal.o(i.HAL_InitTick)
    HAL_MspInit                              0x080010a9   Thumb Code    52  stm32f1xx_hal_msp.o(i.HAL_MspInit)
    HAL_NVIC_EnableIRQ                       0x080010e5   Thumb Code    26  stm32f1xx_hal_cortex.o(i.HAL_NVIC_EnableIRQ)
    HAL_NVIC_SetPriority                     0x08001101   Thumb Code    60  stm32f1xx_hal_cortex.o(i.HAL_NVIC_SetPriority)
    HAL_NVIC_SetPriorityGrouping             0x08001141   Thumb Code    26  stm32f1xx_hal_cortex.o(i.HAL_NVIC_SetPriorityGrouping)
    HAL_PWR_EnableBkUpAccess                 0x08001165   Thumb Code     8  stm32f1xx_hal_pwr.o(i.HAL_PWR_EnableBkUpAccess)
    HAL_RCCEx_GetPeriphCLKFreq               0x08001171   Thumb Code   148  stm32f1xx_hal_rcc_ex.o(i.HAL_RCCEx_GetPeriphCLKFreq)
    HAL_RCCEx_PeriphCLKConfig                0x08001215   Thumb Code   224  stm32f1xx_hal_rcc_ex.o(i.HAL_RCCEx_PeriphCLKConfig)
    HAL_RCC_ClockConfig                      0x08001301   Thumb Code   280  stm32f1xx_hal_rcc.o(i.HAL_RCC_ClockConfig)
    HAL_RCC_GetPCLK1Freq                     0x0800142d   Thumb Code    20  stm32f1xx_hal_rcc.o(i.HAL_RCC_GetPCLK1Freq)
    HAL_RCC_GetPCLK2Freq                     0x0800144d   Thumb Code    20  stm32f1xx_hal_rcc.o(i.HAL_RCC_GetPCLK2Freq)
    HAL_RCC_GetSysClockFreq                  0x0800146d   Thumb Code    58  stm32f1xx_hal_rcc.o(i.HAL_RCC_GetSysClockFreq)
    HAL_RCC_OscConfig                        0x080014b9   Thumb Code   778  stm32f1xx_hal_rcc.o(i.HAL_RCC_OscConfig)
    HAL_RTC_GetDate                          0x080017d9   Thumb Code    78  stm32f1xx_hal_rtc.o(i.HAL_RTC_GetDate)
    HAL_RTC_GetTime                          0x08001827   Thumb Code   216  stm32f1xx_hal_rtc.o(i.HAL_RTC_GetTime)
    HAL_RTC_Init                             0x08001901   Thumb Code   144  stm32f1xx_hal_rtc.o(i.HAL_RTC_Init)
    HAL_RTC_MspInit                          0x08001995   Thumb Code    40  rtc.o(i.HAL_RTC_MspInit)
    HAL_RTC_SetDate                          0x080019c9   Thumb Code   192  stm32f1xx_hal_rtc.o(i.HAL_RTC_SetDate)
    HAL_RTC_SetTime                          0x08001a8d   Thumb Code   168  stm32f1xx_hal_rtc.o(i.HAL_RTC_SetTime)
    HAL_RTC_WaitForSynchro                   0x08001b39   Thumb Code    58  stm32f1xx_hal_rtc.o(i.HAL_RTC_WaitForSynchro)
    HAL_SPI_Init                             0x08001b73   Thumb Code   178  stm32f1xx_hal_spi.o(i.HAL_SPI_Init)
    HAL_SPI_MspInit                          0x08001c25   Thumb Code    98  spi.o(i.HAL_SPI_MspInit)
    HAL_SPI_TransmitReceive                  0x08001c95   Thumb Code   494  stm32f1xx_hal_spi.o(i.HAL_SPI_TransmitReceive)
    HAL_SYSTICK_Config                       0x08001e83   Thumb Code    40  stm32f1xx_hal_cortex.o(i.HAL_SYSTICK_Config)
    HAL_UARTEx_RxEventCallback               0x08001eab   Thumb Code     2  stm32f1xx_hal_uart.o(i.HAL_UARTEx_RxEventCallback)
    HAL_UART_ErrorCallback                   0x08001ead   Thumb Code     2  stm32f1xx_hal_uart.o(i.HAL_UART_ErrorCallback)
    HAL_UART_IRQHandler                      0x08001eb1   Thumb Code   616  stm32f1xx_hal_uart.o(i.HAL_UART_IRQHandler)
    HAL_UART_Init                            0x0800211d   Thumb Code   100  stm32f1xx_hal_uart.o(i.HAL_UART_Init)
    HAL_UART_MspInit                         0x08002181   Thumb Code   208  usart.o(i.HAL_UART_MspInit)
    HAL_UART_Receive_IT                      0x08002265   Thumb Code    28  stm32f1xx_hal_uart.o(i.HAL_UART_Receive_IT)
    HAL_UART_RxCpltCallback                  0x08002281   Thumb Code    60  usart.o(i.HAL_UART_RxCpltCallback)
    HAL_UART_Transmit                        0x080022c5   Thumb Code   154  stm32f1xx_hal_uart.o(i.HAL_UART_Transmit)
    HAL_UART_TxCpltCallback                  0x0800235f   Thumb Code     2  stm32f1xx_hal_uart.o(i.HAL_UART_TxCpltCallback)
    HardFault_Handler                        0x08002361   Thumb Code     2  stm32f1xx_it.o(i.HardFault_Handler)
    MX_DMA_Init                              0x08002629   Thumb Code    96  dma.o(i.MX_DMA_Init)
    MX_FATFS_Init                            0x08002695   Thumb Code    18  fatfs.o(i.MX_FATFS_Init)
    MX_GPIO_Init                             0x080026b1   Thumb Code   184  gpio.o(i.MX_GPIO_Init)
    MX_I2C1_Init                             0x08002779   Thumb Code    50  i2c.o(i.MX_I2C1_Init)
    MX_RTC_Init                              0x080027b9   Thumb Code   112  rtc.o(i.MX_RTC_Init)
    MX_SPI1_Init                             0x08002831   Thumb Code    62  spi.o(i.MX_SPI1_Init)
    MX_USART1_UART_Init                      0x08002879   Thumb Code    54  usart.o(i.MX_USART1_UART_Init)
    MemManage_Handler                        0x080028b9   Thumb Code     2  stm32f1xx_it.o(i.MemManage_Handler)
    MyRTC_ReadTime                           0x080028bd   Thumb Code    78  rtc.o(i.MyRTC_ReadTime)
    NMI_Handler                              0x08002915   Thumb Code     2  stm32f1xx_it.o(i.NMI_Handler)
    OLED_Clear                               0x08002917   Thumb Code    60  oled.o(i.OLED_Clear)
    OLED_Init                                0x08002953   Thumb Code   244  oled.o(i.OLED_Init)
    OLED_Set_Pos                             0x08002a47   Thumb Code    40  oled.o(i.OLED_Set_Pos)
    OLED_ShowChar                            0x08002a71   Thumb Code   128  oled.o(i.OLED_ShowChar)
    OLED_ShowString                          0x08002af9   Thumb Code    54  oled.o(i.OLED_ShowString)
    PendSV_Handler                           0x08002b2f   Thumb Code     2  stm32f1xx_it.o(i.PendSV_Handler)
    ReadtoSD                                 0x08002d49   Thumb Code   202  sddriver.o(i.ReadtoSD)
    SD_CS                                    0x08002f2d   Thumb Code    18  sddriver.o(i.SD_CS)
    SD_GETCSD                                0x08002f45   Thumb Code    46  sddriver.o(i.SD_GETCSD)
    SD_GetSectorCount                        0x08002f73   Thumb Code   110  sddriver.o(i.SD_GetSectorCount)
    SD_Initialize                            0x08002fe1   Thumb Code   378  sddriver.o(i.SD_Initialize)
    SD_ReadDisk                              0x080031bd   Thumb Code   108  sddriver.o(i.SD_ReadDisk)
    SD_ReceiveData                           0x0800322d   Thumb Code    64  sddriver.o(i.SD_ReceiveData)
    SD_SendBlock                             0x0800326d   Thumb Code    80  sddriver.o(i.SD_SendBlock)
    SD_WriteDisk                             0x080032bd   Thumb Code   130  sddriver.o(i.SD_WriteDisk)
    SD_sendcmd                               0x08003345   Thumb Code   106  sddriver.o(i.SD_sendcmd)
    SPI_setspeed                             0x0800348d   Thumb Code     6  sddriver.o(i.SPI_setspeed)
    SSD1306_WriteByte                        0x08003499   Thumb Code    30  oled.o(i.SSD1306_WriteByte)
    SVC_Handler                              0x080034bd   Thumb Code     2  stm32f1xx_it.o(i.SVC_Handler)
    SysTick_Handler                          0x080034bf   Thumb Code     4  stm32f1xx_it.o(i.SysTick_Handler)
    SystemClock_Config                       0x080034c3   Thumb Code   122  main.o(i.SystemClock_Config)
    SystemInit                               0x0800353d   Thumb Code     2  system_stm32f1xx.o(i.SystemInit)
    UART_Start_Receive_IT                    0x08003719   Thumb Code    54  stm32f1xx_hal_uart.o(i.UART_Start_Receive_IT)
    USART1_IRQHandler                        0x080037c9   Thumb Code     6  stm32f1xx_it.o(i.USART1_IRQHandler)
    USER_initialize                          0x080037d5   Thumb Code    32  user_diskio.o(i.USER_initialize)
    USER_ioctl                               0x080037f5   Thumb Code    78  user_diskio.o(i.USER_ioctl)
    USER_read                                0x08003843   Thumb Code    34  user_diskio.o(i.USER_read)
    USER_status                              0x08003865   Thumb Code    20  user_diskio.o(i.USER_status)
    USER_write                               0x08003879   Thumb Code    34  user_diskio.o(i.USER_write)
    UsageFault_Handler                       0x0800389b   Thumb Code     2  stm32f1xx_it.o(i.UsageFault_Handler)
    WritetoSD                                0x0800389d   Thumb Code   210  sddriver.o(i.WritetoSD)
    __0printf                                0x08003a89   Thumb Code    22  printfa.o(i.__0printf)
    __1printf                                0x08003a89   Thumb Code     0  printfa.o(i.__0printf)
    __2printf                                0x08003a89   Thumb Code     0  printfa.o(i.__0printf)
    __c89printf                              0x08003a89   Thumb Code     0  printfa.o(i.__0printf)
    printf                                   0x08003a89   Thumb Code     0  printfa.o(i.__0printf)
    __0sprintf                               0x08003aa9   Thumb Code    34  printfa.o(i.__0sprintf)
    __1sprintf                               0x08003aa9   Thumb Code     0  printfa.o(i.__0sprintf)
    __2sprintf                               0x08003aa9   Thumb Code     0  printfa.o(i.__0sprintf)
    __c89sprintf                             0x08003aa9   Thumb Code     0  printfa.o(i.__0sprintf)
    sprintf                                  0x08003aa9   Thumb Code     0  printfa.o(i.__0sprintf)
    __scatterload_copy                       0x08003af1   Thumb Code    14  handlers.o(i.__scatterload_copy)
    __scatterload_null                       0x08003aff   Thumb Code     2  handlers.o(i.__scatterload_null)
    __scatterload_zeroinit                   0x08003b01   Thumb Code    14  handlers.o(i.__scatterload_zeroinit)
    clust2sect                               0x080044d7   Thumb Code    30  ff.o(i.clust2sect)
    disk_initialize                          0x0800490d   Thumb Code    36  diskio.o(i.disk_initialize)
    disk_ioctl                               0x08004935   Thumb Code    24  diskio.o(i.disk_ioctl)
    disk_read                                0x08004951   Thumb Code    24  diskio.o(i.disk_read)
    disk_status                              0x0800496d   Thumb Code    18  diskio.o(i.disk_status)
    disk_write                               0x08004985   Thumb Code    24  diskio.o(i.disk_write)
    f_close                                  0x080049a1   Thumb Code    42  ff.o(i.f_close)
    f_getfree                                0x080049cb   Thumb Code   212  ff.o(i.f_getfree)
    f_lseek                                  0x08004aa1   Thumb Code   644  ff.o(i.f_lseek)
    f_mkfs                                   0x08004d25   Thumb Code  1334  ff.o(i.f_mkfs)
    f_mount                                  0x0800525d   Thumb Code    88  ff.o(i.f_mount)
    f_open                                   0x080052b9   Thumb Code   422  ff.o(i.f_open)
    f_read                                   0x08005465   Thumb Code   396  ff.o(i.f_read)
    f_sync                                   0x080055f1   Thumb Code   184  ff.o(i.f_sync)
    f_write                                  0x080056a9   Thumb Code   470  ff.o(i.f_write)
    fputc                                    0x08005c11   Thumb Code    32  usart.o(i.fputc)
    get_fat                                  0x08005c35   Thumb Code   204  ff.o(i.get_fat)
    get_fattime                              0x08005d01   Thumb Code     4  fatfs.o(i.get_fattime)
    main                                     0x08005df5   Thumb Code   304  main.o(i.main)
    put_fat                                  0x0800600f   Thumb Code   246  ff.o(i.put_fat)
    spi_readwrite                            0x08006175   Thumb Code    26  sddriver.o(i.spi_readwrite)
    F6x8                                     0x080062e6   Data         552  oled.o(.constdata)
    F8X16                                    0x0800650e   Data        1520  oled.o(.constdata)
    AHBPrescTable                            0x08006b22   Data          16  system_stm32f1xx.o(.constdata)
    APBPrescTable                            0x08006b32   Data           8  system_stm32f1xx.o(.constdata)
    Region$$Table$$Base                      0x08006c2c   Number         0  anon$$obj.o(Region$$Table)
    Region$$Table$$Limit                     0x08006c4c   Number         0  anon$$obj.o(Region$$Table)
    DFF                                      0x20000000   Data           1  sddriver.o(.data)
    SD_TYPE                                  0x20000001   Data           1  sddriver.o(.data)
    write_cnt                                0x20000002   Data           1  main.o(.data)
    SD_FileName                              0x20000003   Data          10  main.o(.data)
    WriteBuffer                              0x2000000d   Data          14  main.o(.data)
    Weekdays                                 0x2000001c   Data           4  rtc.o(.data)
    Weekday                                  0x20000020   Data          28  rtc.o(.data)
    temp                                     0x2000003c   Data           1  usart.o(.data)
    uwTickFreq                               0x20000040   Data           1  stm32f1xx_hal.o(.data)
    uwTickPrio                               0x20000044   Data           4  stm32f1xx_hal.o(.data)
    uwTick                                   0x20000048   Data           4  stm32f1xx_hal.o(.data)
    SystemCoreClock                          0x2000004c   Data           4  system_stm32f1xx.o(.data)
    USER_Driver                              0x20000050   Data          20  user_diskio.o(.data)
    retUSER                                  0x20000064   Data           1  fatfs.o(.data)
    USERPath                                 0x20000065   Data           4  fatfs.o(.data)
    __stdout                                 0x20000074   Data           4  stdout.o(.data)
    ReadBuffer                               0x20000078   Data          10  main.o(.bss)
    hdma_memtomem_dma1_channel1              0x20000084   Data          68  dma.o(.bss)
    hi2c1                                    0x200000c8   Data          84  i2c.o(.bss)
    MyRTC_Time                               0x2000011c   Data          12  rtc.o(.bss)
    hrtc                                     0x20000128   Data          20  rtc.o(.bss)
    hspi1                                    0x2000013c   Data          88  spi.o(.bss)
    usart1Recv                               0x20000194   Data         260  usart.o(.bss)
    huart1                                   0x20000298   Data          72  usart.o(.bss)
    hdma_usart1_rx                           0x200002e0   Data          68  usart.o(.bss)
    hdma_usart1_tx                           0x20000324   Data          68  usart.o(.bss)
    disk                                     0x20000380   Data          12  ff_gen_drv.o(.bss)
    __initial_sp                             0x20001390   Data           0  startup_stm32f103xb.o(STACK)



==============================================================================

Memory Map of the image

  Image Entry point : 0x080000ed

  Load Region LR_IROM1 (Base: 0x08000000, Size: 0x00006cc4, Max: 0x00010000, ABSOLUTE)

    Execution Region ER_IROM1 (Exec base: 0x08000000, Load base: 0x08000000, Size: 0x00006c4c, Max: 0x00010000, ABSOLUTE)

    Exec Addr    Load Addr    Size         Type   Attr      Idx    E Section Name        Object

    0x08000000   0x08000000   0x000000ec   Data   RO            3    RESET               startup_stm32f103xb.o
    0x080000ec   0x080000ec   0x00000000   Code   RO         3825  * .ARM.Collect$$$$00000000  mc_w.l(entry.o)
    0x080000ec   0x080000ec   0x00000004   Code   RO         4095    .ARM.Collect$$$$00000001  mc_w.l(entry2.o)
    0x080000f0   0x080000f0   0x00000004   Code   RO         4098    .ARM.Collect$$$$00000004  mc_w.l(entry5.o)
    0x080000f4   0x080000f4   0x00000000   Code   RO         4100    .ARM.Collect$$$$00000008  mc_w.l(entry7b.o)
    0x080000f4   0x080000f4   0x00000000   Code   RO         4102    .ARM.Collect$$$$0000000A  mc_w.l(entry8b.o)
    0x080000f4   0x080000f4   0x00000008   Code   RO         4103    .ARM.Collect$$$$0000000B  mc_w.l(entry9a.o)
    0x080000fc   0x080000fc   0x00000004   Code   RO         4110    .ARM.Collect$$$$0000000E  mc_w.l(entry12b.o)
    0x08000100   0x08000100   0x00000000   Code   RO         4105    .ARM.Collect$$$$0000000F  mc_w.l(entry10a.o)
    0x08000100   0x08000100   0x00000000   Code   RO         4107    .ARM.Collect$$$$00000011  mc_w.l(entry11a.o)
    0x08000100   0x08000100   0x00000004   Code   RO         4096    .ARM.Collect$$$$00002712  mc_w.l(entry2.o)
    0x08000104   0x08000104   0x00000024   Code   RO            4    .text               startup_stm32f103xb.o
    0x08000128   0x08000128   0x00000020   Code   RO         3828    .text               mc_w.l(llushr.o)
    0x08000148   0x08000148   0x00000024   Code   RO         3830    .text               mc_w.l(memseta.o)
    0x0800016c   0x0800016c   0x0000001c   Code   RO         3832    .text               mc_w.l(strcmp.o)
    0x08000188   0x08000188   0x0000002c   Code   RO         4112    .text               mc_w.l(uidiv.o)
    0x080001b4   0x080001b4   0x00000062   Code   RO         4114    .text               mc_w.l(uldiv.o)
    0x08000216   0x08000216   0x00000000   Code   RO         4116    .text               mc_w.l(iusefp.o)
    0x08000216   0x08000216   0x0000014e   Code   RO         4117    .text               mf_w.l(dadd.o)
    0x08000364   0x08000364   0x000000e4   Code   RO         4119    .text               mf_w.l(dmul.o)
    0x08000448   0x08000448   0x000000de   Code   RO         4121    .text               mf_w.l(ddiv.o)
    0x08000526   0x08000526   0x00000030   Code   RO         4123    .text               mf_w.l(dfixul.o)
    0x08000556   0x08000556   0x00000002   PAD
    0x08000558   0x08000558   0x00000030   Code   RO         4125    .text               mf_w.l(cdrcmple.o)
    0x08000588   0x08000588   0x00000024   Code   RO         4127    .text               mc_w.l(init.o)
    0x080005ac   0x080005ac   0x0000001e   Code   RO         4129    .text               mc_w.l(llshl.o)
    0x080005ca   0x080005ca   0x00000024   Code   RO         4131    .text               mc_w.l(llsshr.o)
    0x080005ee   0x080005ee   0x000000ba   Code   RO         4133    .text               mf_w.l(depilogue.o)
    0x080006a8   0x080006a8   0x00000002   Code   RO          675    i.BusFault_Handler  stm32f1xx_it.o
    0x080006aa   0x080006aa   0x00000002   PAD
    0x080006ac   0x080006ac   0x0000000c   Code   RO          676    i.DMA1_Channel4_IRQHandler  stm32f1xx_it.o
    0x080006b8   0x080006b8   0x0000000c   Code   RO          677    i.DMA1_Channel5_IRQHandler  stm32f1xx_it.o
    0x080006c4   0x080006c4   0x00000002   Code   RO          678    i.DebugMon_Handler  stm32f1xx_it.o
    0x080006c6   0x080006c6   0x00000008   Code   RO          679    i.EXTI9_5_IRQHandler  stm32f1xx_it.o
    0x080006ce   0x080006ce   0x00000004   Code   RO          354    i.Error_Handler     main.o
    0x080006d2   0x080006d2   0x00000006   Code   RO         3754    i.FATFS_LinkDriver  ff_gen_drv.o
    0x080006d8   0x080006d8   0x00000040   Code   RO         3755    i.FATFS_LinkDriverEx  ff_gen_drv.o
    0x08000718   0x08000718   0x00000120   Code   RO          196    i.Get_SDCard_Capacity  sddriver.o
    0x08000838   0x08000838   0x00000046   Code   RO         1216    i.HAL_DMA_Abort     stm32f1xx_hal_dma.o
    0x0800087e   0x0800087e   0x00000002   PAD
    0x08000880   0x08000880   0x00000098   Code   RO         1217    i.HAL_DMA_Abort_IT  stm32f1xx_hal_dma.o
    0x08000918   0x08000918   0x00000154   Code   RO         1221    i.HAL_DMA_IRQHandler  stm32f1xx_hal_dma.o
    0x08000a6c   0x08000a6c   0x0000005c   Code   RO         1222    i.HAL_DMA_Init      stm32f1xx_hal_dma.o
    0x08000ac8   0x08000ac8   0x00000024   Code   RO          842    i.HAL_Delay         stm32f1xx_hal.o
    0x08000aec   0x08000aec   0x00000018   Code   RO          420    i.HAL_GPIO_EXTI_Callback  gpio.o
    0x08000b04   0x08000b04   0x00000018   Code   RO         1151    i.HAL_GPIO_EXTI_IRQHandler  stm32f1xx_hal_gpio.o
    0x08000b1c   0x08000b1c   0x000001e0   Code   RO         1152    i.HAL_GPIO_Init     stm32f1xx_hal_gpio.o
    0x08000cfc   0x08000cfc   0x00000010   Code   RO         1155    i.HAL_GPIO_TogglePin  stm32f1xx_hal_gpio.o
    0x08000d0c   0x08000d0c   0x0000000a   Code   RO         1156    i.HAL_GPIO_WritePin  stm32f1xx_hal_gpio.o
    0x08000d16   0x08000d16   0x00000002   PAD
    0x08000d18   0x08000d18   0x0000000c   Code   RO          846    i.HAL_GetTick       stm32f1xx_hal.o
    0x08000d24   0x08000d24   0x00000188   Code   RO         1823    i.HAL_I2C_Init      stm32f1xx_hal_i2c.o
    0x08000eac   0x08000eac   0x0000012c   Code   RO         1836    i.HAL_I2C_Master_Transmit  stm32f1xx_hal_i2c.o
    0x08000fd8   0x08000fd8   0x0000005c   Code   RO          481    i.HAL_I2C_MspInit   i2c.o
    0x08001034   0x08001034   0x00000010   Code   RO          852    i.HAL_IncTick       stm32f1xx_hal.o
    0x08001044   0x08001044   0x00000024   Code   RO          853    i.HAL_Init          stm32f1xx_hal.o
    0x08001068   0x08001068   0x00000040   Code   RO          854    i.HAL_InitTick      stm32f1xx_hal.o
    0x080010a8   0x080010a8   0x0000003c   Code   RO          775    i.HAL_MspInit       stm32f1xx_hal_msp.o
    0x080010e4   0x080010e4   0x0000001a   Code   RO         1312    i.HAL_NVIC_EnableIRQ  stm32f1xx_hal_cortex.o
    0x080010fe   0x080010fe   0x00000002   PAD
    0x08001100   0x08001100   0x00000040   Code   RO         1318    i.HAL_NVIC_SetPriority  stm32f1xx_hal_cortex.o
    0x08001140   0x08001140   0x00000024   Code   RO         1319    i.HAL_NVIC_SetPriorityGrouping  stm32f1xx_hal_cortex.o
    0x08001164   0x08001164   0x0000000c   Code   RO         1434    i.HAL_PWR_EnableBkUpAccess  stm32f1xx_hal_pwr.o
    0x08001170   0x08001170   0x000000a4   Code   RO         1113    i.HAL_RCCEx_GetPeriphCLKFreq  stm32f1xx_hal_rcc_ex.o
    0x08001214   0x08001214   0x000000ec   Code   RO         1114    i.HAL_RCCEx_PeriphCLKConfig  stm32f1xx_hal_rcc_ex.o
    0x08001300   0x08001300   0x0000012c   Code   RO         1010    i.HAL_RCC_ClockConfig  stm32f1xx_hal_rcc.o
    0x0800142c   0x0800142c   0x00000020   Code   RO         1017    i.HAL_RCC_GetPCLK1Freq  stm32f1xx_hal_rcc.o
    0x0800144c   0x0800144c   0x00000020   Code   RO         1018    i.HAL_RCC_GetPCLK2Freq  stm32f1xx_hal_rcc.o
    0x0800146c   0x0800146c   0x0000004c   Code   RO         1019    i.HAL_RCC_GetSysClockFreq  stm32f1xx_hal_rcc.o
    0x080014b8   0x080014b8   0x00000320   Code   RO         1022    i.HAL_RCC_OscConfig  stm32f1xx_hal_rcc.o
    0x080017d8   0x080017d8   0x0000004e   Code   RO         2254    i.HAL_RTC_GetDate   stm32f1xx_hal_rtc.o
    0x08001826   0x08001826   0x000000d8   Code   RO         2256    i.HAL_RTC_GetTime   stm32f1xx_hal_rtc.o
    0x080018fe   0x080018fe   0x00000002   PAD
    0x08001900   0x08001900   0x00000094   Code   RO         2257    i.HAL_RTC_Init      stm32f1xx_hal_rtc.o
    0x08001994   0x08001994   0x00000034   Code   RO          523    i.HAL_RTC_MspInit   rtc.o
    0x080019c8   0x080019c8   0x000000c4   Code   RO         2263    i.HAL_RTC_SetDate   stm32f1xx_hal_rtc.o
    0x08001a8c   0x08001a8c   0x000000ac   Code   RO         2264    i.HAL_RTC_SetTime   stm32f1xx_hal_rtc.o
    0x08001b38   0x08001b38   0x0000003a   Code   RO         2265    i.HAL_RTC_WaitForSynchro  stm32f1xx_hal_rtc.o
    0x08001b72   0x08001b72   0x000000b2   Code   RO         2532    i.HAL_SPI_Init      stm32f1xx_hal_spi.o
    0x08001c24   0x08001c24   0x00000070   Code   RO          573    i.HAL_SPI_MspInit   spi.o
    0x08001c94   0x08001c94   0x000001ee   Code   RO         2541    i.HAL_SPI_TransmitReceive  stm32f1xx_hal_spi.o
    0x08001e82   0x08001e82   0x00000028   Code   RO         1323    i.HAL_SYSTICK_Config  stm32f1xx_hal_cortex.o
    0x08001eaa   0x08001eaa   0x00000002   Code   RO         2891    i.HAL_UARTEx_RxEventCallback  stm32f1xx_hal_uart.o
    0x08001eac   0x08001eac   0x00000002   Code   RO         2905    i.HAL_UART_ErrorCallback  stm32f1xx_hal_uart.o
    0x08001eae   0x08001eae   0x00000002   PAD
    0x08001eb0   0x08001eb0   0x0000026c   Code   RO         2908    i.HAL_UART_IRQHandler  stm32f1xx_hal_uart.o
    0x0800211c   0x0800211c   0x00000064   Code   RO         2909    i.HAL_UART_Init     stm32f1xx_hal_uart.o
    0x08002180   0x08002180   0x000000e4   Code   RO          615    i.HAL_UART_MspInit  usart.o
    0x08002264   0x08002264   0x0000001c   Code   RO         2914    i.HAL_UART_Receive_IT  stm32f1xx_hal_uart.o
    0x08002280   0x08002280   0x00000044   Code   RO          616    i.HAL_UART_RxCpltCallback  usart.o
    0x080022c4   0x080022c4   0x0000009a   Code   RO         2917    i.HAL_UART_Transmit  stm32f1xx_hal_uart.o
    0x0800235e   0x0800235e   0x00000002   Code   RO         2920    i.HAL_UART_TxCpltCallback  stm32f1xx_hal_uart.o
    0x08002360   0x08002360   0x00000002   Code   RO          680    i.HardFault_Handler  stm32f1xx_it.o
    0x08002362   0x08002362   0x0000002e   Code   RO         1866    i.I2C_IsAcknowledgeFailed  stm32f1xx_hal_i2c.o
    0x08002390   0x08002390   0x0000009c   Code   RO         1870    i.I2C_MasterRequestWrite  stm32f1xx_hal_i2c.o
    0x0800242c   0x0800242c   0x00000056   Code   RO         1881    i.I2C_WaitOnBTFFlagUntilTimeout  stm32f1xx_hal_i2c.o
    0x08002482   0x08002482   0x00000002   PAD
    0x08002484   0x08002484   0x00000090   Code   RO         1882    i.I2C_WaitOnFlagUntilTimeout  stm32f1xx_hal_i2c.o
    0x08002514   0x08002514   0x000000bc   Code   RO         1883    i.I2C_WaitOnMasterAddressFlagUntilTimeout  stm32f1xx_hal_i2c.o
    0x080025d0   0x080025d0   0x00000056   Code   RO         1885    i.I2C_WaitOnTXEFlagUntilTimeout  stm32f1xx_hal_i2c.o
    0x08002626   0x08002626   0x00000002   PAD
    0x08002628   0x08002628   0x0000006c   Code   RO          450    i.MX_DMA_Init       dma.o
    0x08002694   0x08002694   0x0000001c   Code   RO         3344    i.MX_FATFS_Init     fatfs.o
    0x080026b0   0x080026b0   0x000000c8   Code   RO          421    i.MX_GPIO_Init      gpio.o
    0x08002778   0x08002778   0x00000040   Code   RO          482    i.MX_I2C1_Init      i2c.o
    0x080027b8   0x080027b8   0x00000078   Code   RO          524    i.MX_RTC_Init       rtc.o
    0x08002830   0x08002830   0x00000048   Code   RO          574    i.MX_SPI1_Init      spi.o
    0x08002878   0x08002878   0x00000040   Code   RO          617    i.MX_USART1_UART_Init  usart.o
    0x080028b8   0x080028b8   0x00000002   Code   RO          681    i.MemManage_Handler  stm32f1xx_it.o
    0x080028ba   0x080028ba   0x00000002   PAD
    0x080028bc   0x080028bc   0x00000058   Code   RO          525    i.MyRTC_ReadTime    rtc.o
    0x08002914   0x08002914   0x00000002   Code   RO          682    i.NMI_Handler       stm32f1xx_it.o
    0x08002916   0x08002916   0x0000003c   Code   RO           13    i.OLED_Clear        oled.o
    0x08002952   0x08002952   0x000000f4   Code   RO           14    i.OLED_Init         oled.o
    0x08002a46   0x08002a46   0x00000028   Code   RO           15    i.OLED_Set_Pos      oled.o
    0x08002a6e   0x08002a6e   0x00000002   PAD
    0x08002a70   0x08002a70   0x00000088   Code   RO           16    i.OLED_ShowChar     oled.o
    0x08002af8   0x08002af8   0x00000036   Code   RO           19    i.OLED_ShowString   oled.o
    0x08002b2e   0x08002b2e   0x00000002   Code   RO          683    i.PendSV_Handler    stm32f1xx_it.o
    0x08002b30   0x08002b30   0x00000012   Code   RO         2266    i.RTC_Bcd2ToByte    stm32f1xx_hal_rtc.o
    0x08002b42   0x08002b42   0x00000016   Code   RO         2267    i.RTC_ByteToBcd2    stm32f1xx_hal_rtc.o
    0x08002b58   0x08002b58   0x000000ae   Code   RO         2268    i.RTC_DateUpdate    stm32f1xx_hal_rtc.o
    0x08002c06   0x08002c06   0x00000034   Code   RO         2269    i.RTC_EnterInitMode  stm32f1xx_hal_rtc.o
    0x08002c3a   0x08002c3a   0x00000002   PAD
    0x08002c3c   0x08002c3c   0x00000036   Code   RO         2270    i.RTC_ExitInitMode  stm32f1xx_hal_rtc.o
    0x08002c72   0x08002c72   0x0000000e   Code   RO         2271    i.RTC_ReadAlarmCounter  stm32f1xx_hal_rtc.o
    0x08002c80   0x08002c80   0x00000020   Code   RO         2272    i.RTC_ReadTimeCounter  stm32f1xx_hal_rtc.o
    0x08002ca0   0x08002ca0   0x00000056   Code   RO         2273    i.RTC_WeekDayNum    stm32f1xx_hal_rtc.o
    0x08002cf6   0x08002cf6   0x00000028   Code   RO         2274    i.RTC_WriteAlarmCounter  stm32f1xx_hal_rtc.o
    0x08002d1e   0x08002d1e   0x00000028   Code   RO         2275    i.RTC_WriteTimeCounter  stm32f1xx_hal_rtc.o
    0x08002d46   0x08002d46   0x00000002   PAD
    0x08002d48   0x08002d48   0x000001e4   Code   RO          198    i.ReadtoSD          sddriver.o
    0x08002f2c   0x08002f2c   0x00000018   Code   RO          199    i.SD_CS             sddriver.o
    0x08002f44   0x08002f44   0x0000002e   Code   RO          201    i.SD_GETCSD         sddriver.o
    0x08002f72   0x08002f72   0x0000006e   Code   RO          202    i.SD_GetSectorCount  sddriver.o
    0x08002fe0   0x08002fe0   0x000001dc   Code   RO          203    i.SD_Initialize     sddriver.o
    0x080031bc   0x080031bc   0x00000070   Code   RO          204    i.SD_ReadDisk       sddriver.o
    0x0800322c   0x0800322c   0x00000040   Code   RO          205    i.SD_ReceiveData    sddriver.o
    0x0800326c   0x0800326c   0x00000050   Code   RO          206    i.SD_SendBlock      sddriver.o
    0x080032bc   0x080032bc   0x00000088   Code   RO          207    i.SD_WriteDisk      sddriver.o
    0x08003344   0x08003344   0x00000070   Code   RO          208    i.SD_sendcmd        sddriver.o
    0x080033b4   0x080033b4   0x00000020   Code   RO         2570    i.SPI_EndRxTxTransaction  stm32f1xx_hal_spi.o
    0x080033d4   0x080033d4   0x000000b8   Code   RO         2575    i.SPI_WaitFlagStateUntilTimeout  stm32f1xx_hal_spi.o
    0x0800348c   0x0800348c   0x0000000c   Code   RO          209    i.SPI_setspeed      sddriver.o
    0x08003498   0x08003498   0x00000024   Code   RO           20    i.SSD1306_WriteByte  oled.o
    0x080034bc   0x080034bc   0x00000002   Code   RO          684    i.SVC_Handler       stm32f1xx_it.o
    0x080034be   0x080034be   0x00000004   Code   RO          685    i.SysTick_Handler   stm32f1xx_it.o
    0x080034c2   0x080034c2   0x0000007a   Code   RO          355    i.SystemClock_Config  main.o
    0x0800353c   0x0800353c   0x00000002   Code   RO         3243    i.SystemInit        system_stm32f1xx.o
    0x0800353e   0x0800353e   0x00000010   Code   RO         2922    i.UART_DMAAbortOnError  stm32f1xx_hal_uart.o
    0x0800354e   0x0800354e   0x0000004e   Code   RO         2932    i.UART_EndRxTransfer  stm32f1xx_hal_uart.o
    0x0800359c   0x0800359c   0x000000c2   Code   RO         2934    i.UART_Receive_IT   stm32f1xx_hal_uart.o
    0x0800365e   0x0800365e   0x00000002   PAD
    0x08003660   0x08003660   0x000000b8   Code   RO         2935    i.UART_SetConfig    stm32f1xx_hal_uart.o
    0x08003718   0x08003718   0x00000036   Code   RO         2937    i.UART_Start_Receive_IT  stm32f1xx_hal_uart.o
    0x0800374e   0x0800374e   0x00000078   Code   RO         2938    i.UART_WaitOnFlagUntilTimeout  stm32f1xx_hal_uart.o
    0x080037c6   0x080037c6   0x00000002   PAD
    0x080037c8   0x080037c8   0x0000000c   Code   RO          686    i.USART1_IRQHandler  stm32f1xx_it.o
    0x080037d4   0x080037d4   0x00000020   Code   RO         3280    i.USER_initialize   user_diskio.o
    0x080037f4   0x080037f4   0x0000004e   Code   RO         3281    i.USER_ioctl        user_diskio.o
    0x08003842   0x08003842   0x00000022   Code   RO         3282    i.USER_read         user_diskio.o
    0x08003864   0x08003864   0x00000014   Code   RO         3283    i.USER_status       user_diskio.o
    0x08003878   0x08003878   0x00000022   Code   RO         3284    i.USER_write        user_diskio.o
    0x0800389a   0x0800389a   0x00000002   Code   RO          687    i.UsageFault_Handler  stm32f1xx_it.o
    0x0800389c   0x0800389c   0x000001ec   Code   RO          210    i.WritetoSD         sddriver.o
    0x08003a88   0x08003a88   0x00000020   Code   RO         4067    i.__0printf         mc_w.l(printfa.o)
    0x08003aa8   0x08003aa8   0x00000028   Code   RO         4069    i.__0sprintf        mc_w.l(printfa.o)
    0x08003ad0   0x08003ad0   0x00000020   Code   RO         1325    i.__NVIC_SetPriority  stm32f1xx_hal_cortex.o
    0x08003af0   0x08003af0   0x0000000e   Code   RO         4137    i.__scatterload_copy  mc_w.l(handlers.o)
    0x08003afe   0x08003afe   0x00000002   Code   RO         4138    i.__scatterload_null  mc_w.l(handlers.o)
    0x08003b00   0x08003b00   0x0000000e   Code   RO         4139    i.__scatterload_zeroinit  mc_w.l(handlers.o)
    0x08003b0e   0x08003b0e   0x00000002   PAD
    0x08003b10   0x08003b10   0x00000184   Code   RO         4074    i._fp_digits        mc_w.l(printfa.o)
    0x08003c94   0x08003c94   0x000006b4   Code   RO         4075    i._printf_core      mc_w.l(printfa.o)
    0x08004348   0x08004348   0x00000024   Code   RO         4076    i._printf_post_padding  mc_w.l(printfa.o)
    0x0800436c   0x0800436c   0x0000002e   Code   RO         4077    i._printf_pre_padding  mc_w.l(printfa.o)
    0x0800439a   0x0800439a   0x0000000a   Code   RO         4079    i._sputc            mc_w.l(printfa.o)
    0x080043a4   0x080043a4   0x00000078   Code   RO         3437    i.check_fs          ff.o
    0x0800441c   0x0800441c   0x0000006c   Code   RO         3438    i.chk_lock          ff.o
    0x08004488   0x08004488   0x00000024   Code   RO         3439    i.clear_lock        ff.o
    0x080044ac   0x080044ac   0x0000002a   Code   RO         3440    i.clmt_clust        ff.o
    0x080044d6   0x080044d6   0x0000001e   Code   RO         3441    i.clust2sect        ff.o
    0x080044f4   0x080044f4   0x000000b0   Code   RO         3442    i.create_chain      ff.o
    0x080045a4   0x080045a4   0x00000100   Code   RO         3443    i.create_name       ff.o
    0x080046a4   0x080046a4   0x0000003c   Code   RO         3444    i.dec_lock          ff.o
    0x080046e0   0x080046e0   0x0000011e   Code   RO         3445    i.dir_next          ff.o
    0x080047fe   0x080047fe   0x00000076   Code   RO         3447    i.dir_register      ff.o
    0x08004874   0x08004874   0x00000098   Code   RO         3449    i.dir_sdi           ff.o
    0x0800490c   0x0800490c   0x00000028   Code   RO         3382    i.disk_initialize   diskio.o
    0x08004934   0x08004934   0x0000001c   Code   RO         3383    i.disk_ioctl        diskio.o
    0x08004950   0x08004950   0x0000001c   Code   RO         3384    i.disk_read         diskio.o
    0x0800496c   0x0800496c   0x00000018   Code   RO         3385    i.disk_status       diskio.o
    0x08004984   0x08004984   0x0000001c   Code   RO         3386    i.disk_write        diskio.o
    0x080049a0   0x080049a0   0x0000002a   Code   RO         3451    i.f_close           ff.o
    0x080049ca   0x080049ca   0x000000d4   Code   RO         3453    i.f_getfree         ff.o
    0x08004a9e   0x08004a9e   0x00000002   PAD
    0x08004aa0   0x08004aa0   0x00000284   Code   RO         3455    i.f_lseek           ff.o
    0x08004d24   0x08004d24   0x00000536   Code   RO         3457    i.f_mkfs            ff.o
    0x0800525a   0x0800525a   0x00000002   PAD
    0x0800525c   0x0800525c   0x0000005c   Code   RO         3458    i.f_mount           ff.o
    0x080052b8   0x080052b8   0x000001ac   Code   RO         3459    i.f_open            ff.o
    0x08005464   0x08005464   0x0000018c   Code   RO         3464    i.f_read            ff.o
    0x080055f0   0x080055f0   0x000000b8   Code   RO         3468    i.f_sync            ff.o
    0x080056a8   0x080056a8   0x000001d6   Code   RO         3472    i.f_write           ff.o
    0x0800587e   0x0800587e   0x00000002   PAD
    0x08005880   0x08005880   0x000002d0   Code   RO         3473    i.find_volume       ff.o
    0x08005b50   0x08005b50   0x000000c0   Code   RO         3474    i.follow_path       ff.o
    0x08005c10   0x08005c10   0x00000024   Code   RO          619    i.fputc             usart.o
    0x08005c34   0x08005c34   0x000000cc   Code   RO         3475    i.get_fat           ff.o
    0x08005d00   0x08005d00   0x00000004   Code   RO         3345    i.get_fattime       fatfs.o
    0x08005d04   0x08005d04   0x0000003c   Code   RO         3477    i.get_ldnumber      ff.o
    0x08005d40   0x08005d40   0x000000a0   Code   RO         3478    i.inc_lock          ff.o
    0x08005de0   0x08005de0   0x00000014   Code   RO         3479    i.ld_clust          ff.o
    0x08005df4   0x08005df4   0x000001c4   Code   RO          356    i.main              main.o
    0x08005fb8   0x08005fb8   0x00000012   Code   RO         3480    i.mem_cpy           ff.o
    0x08005fca   0x08005fca   0x0000000e   Code   RO         3481    i.mem_set           ff.o
    0x08005fd8   0x08005fd8   0x00000036   Code   RO         3482    i.move_window       ff.o
    0x0800600e   0x0800600e   0x000000f6   Code   RO         3483    i.put_fat           ff.o
    0x08006104   0x08006104   0x0000006e   Code   RO         3485    i.remove_chain      ff.o
    0x08006172   0x08006172   0x00000002   PAD
    0x08006174   0x08006174   0x00000020   Code   RO          211    i.spi_readwrite     sddriver.o
    0x08006194   0x08006194   0x00000010   Code   RO         3486    i.st_clust          ff.o
    0x080061a4   0x080061a4   0x000000b6   Code   RO         3487    i.sync_fs           ff.o
    0x0800625a   0x0800625a   0x00000060   Code   RO         3488    i.sync_window       ff.o
    0x080062ba   0x080062ba   0x0000002c   Code   RO         3489    i.validate          ff.o
    0x080062e6   0x080062e6   0x00000818   Data   RO           22    .constdata          oled.o
    0x08006afe   0x08006afe   0x00000012   Data   RO         1023    .constdata          stm32f1xx_hal_rcc.o
    0x08006b10   0x08006b10   0x00000012   Data   RO         1115    .constdata          stm32f1xx_hal_rcc_ex.o
    0x08006b22   0x08006b22   0x00000010   Data   RO         3244    .constdata          system_stm32f1xx.o
    0x08006b32   0x08006b32   0x00000008   Data   RO         3245    .constdata          system_stm32f1xx.o
    0x08006b3a   0x08006b3a   0x000000ac   Data   RO         3491    .constdata          ff.o
    0x08006be6   0x08006be6   0x00000002   PAD
    0x08006be8   0x08006be8   0x00000041   Data   RO          527    .conststring        rtc.o
    0x08006c29   0x08006c29   0x00000003   PAD
    0x08006c2c   0x08006c2c   0x00000020   Data   RO         4135    Region$$Table       anon$$obj.o


    Execution Region RW_IRAM1 (Exec base: 0x20000000, Load base: 0x08006c4c, Size: 0x00001390, Max: 0x00005000, ABSOLUTE)

    Exec Addr    Load Addr    Size         Type   Attr      Idx    E Section Name        Object

    0x20000000   0x08006c4c   0x00000002   Data   RW          213    .data               sddriver.o
    0x20000002   0x08006c4e   0x00000019   Data   RW          358    .data               main.o
    0x2000001b   0x08006c67   0x00000001   PAD
    0x2000001c   0x08006c68   0x00000020   Data   RW          528    .data               rtc.o
    0x2000003c   0x08006c88   0x00000001   Data   RW          621    .data               usart.o
    0x2000003d   0x08006c89   0x00000003   PAD
    0x20000040   0x08006c8c   0x0000000c   Data   RW          860    .data               stm32f1xx_hal.o
    0x2000004c   0x08006c98   0x00000004   Data   RW         3246    .data               system_stm32f1xx.o
    0x20000050   0x08006c9c   0x00000014   Data   RW         3285    .data               user_diskio.o
    0x20000064   0x08006cb0   0x00000005   Data   RW         3348    .data               fatfs.o
    0x20000069   0x08006cb5   0x00000003   PAD
    0x2000006c   0x08006cb8   0x00000008   Data   RW         3492    .data               ff.o
    0x20000074   0x08006cc0   0x00000004   Data   RW         4111    .data               mc_w.l(stdout.o)
    0x20000078        -       0x0000000a   Zero   RW          357    .bss                main.o
    0x20000082   0x08006cc4   0x00000002   PAD
    0x20000084        -       0x00000044   Zero   RW          451    .bss                dma.o
    0x200000c8        -       0x00000054   Zero   RW          483    .bss                i2c.o
    0x2000011c        -       0x00000020   Zero   RW          526    .bss                rtc.o
    0x2000013c        -       0x00000058   Zero   RW          575    .bss                spi.o
    0x20000194        -       0x000001d4   Zero   RW          620    .bss                usart.o
    0x20000368        -       0x00000018   Zero   RW         3490    .bss                ff.o
    0x20000380        -       0x0000000c   Zero   RW         3758    .bss                ff_gen_drv.o
    0x2000038c   0x08006cc4   0x00000004   PAD
    0x20000390        -       0x00001000   Zero   RW            1    STACK               startup_stm32f103xb.o


==============================================================================

Image component sizes


      Code (inc. data)   RO Data    RW Data    ZI Data      Debug   Object Name

       148         22          0          0          0       3577   diskio.o
       108         12          0          0         68       1060   dma.o
        32         10          0          5          0       1496   fatfs.o
      7322        136        172          8         24      36061   ff.o
        70          4          0          0         12       1579   ff_gen_drv.o
       224         22          0          0          0       1456   gpio.o
       156         26          0          0         84       1629   i2c.o
       578        148          0         25         10       2675   main.o
       570         14       2072          0          0     418547   oled.o
       260         30         65         32         32       2232   rtc.o
      2468        878          0          2          0      18786   sddriver.o
       184         24          0          0         88       1653   spi.o
        36          8        236          0       4096        804   startup_stm32f103xb.o
       164         28          0         12          0       5901   stm32f1xx_hal.o
       198         14          0          0          0      28935   stm32f1xx_hal_cortex.o
       654         36          0          0          0       3387   stm32f1xx_hal_dma.o
       530         40          0          0          0       4100   stm32f1xx_hal_gpio.o
      1398         32          0          0          0       9109   stm32f1xx_hal_i2c.o
        60          8          0          0          0        870   stm32f1xx_hal_msp.o
        12          4          0          0          0        515   stm32f1xx_hal_pwr.o
      1240         84         18          0          0       5112   stm32f1xx_hal_rcc.o
       400         28         18          0          0       2465   stm32f1xx_hal_rcc_ex.o
      1400         12          0          0          0      12708   stm32f1xx_hal_rtc.o
       888          4          0          0          0       4745   stm32f1xx_hal_spi.o
      1554         10          0          0          0      10888   stm32f1xx_hal_uart.o
        64         18          0          0          0       5633   stm32f1xx_it.o
         2          0         24          4          0       1119   system_stm32f1xx.o
       396         42          0          1        468       3418   usart.o
       198          0          0         20          0       3944   user_diskio.o

    ----------------------------------------------------------------------
     21350       1694       2642        116       4888     594404   Object Totals
         0          0         32          0          0          0   (incl. Generated)
        36          0          5          7          6          0   (incl. Padding)

    ----------------------------------------------------------------------

      Code (inc. data)   RO Data    RW Data    ZI Data      Debug   Library Member Name

         0          0          0          0          0          0   entry.o
         0          0          0          0          0          0   entry10a.o
         0          0          0          0          0          0   entry11a.o
         4          0          0          0          0          0   entry12b.o
         8          4          0          0          0          0   entry2.o
         4          0          0          0          0          0   entry5.o
         0          0          0          0          0          0   entry7b.o
         0          0          0          0          0          0   entry8b.o
         8          4          0          0          0          0   entry9a.o
        30          0          0          0          0          0   handlers.o
        36          8          0          0          0         68   init.o
         0          0          0          0          0          0   iusefp.o
        30          0          0          0          0         68   llshl.o
        36          0          0          0          0         68   llsshr.o
        32          0          0          0          0         68   llushr.o
        36          0          0          0          0        108   memseta.o
      2268         96          0          0          0        616   printfa.o
         0          0          0          4          0          0   stdout.o
        28          0          0          0          0         76   strcmp.o
        44          0          0          0          0         80   uidiv.o
        98          0          0          0          0         92   uldiv.o
        48          0          0          0          0         68   cdrcmple.o
       334          0          0          0          0        148   dadd.o
       222          0          0          0          0        100   ddiv.o
       186          0          0          0          0        176   depilogue.o
        48          0          0          0          0         68   dfixul.o
       228          0          0          0          0         96   dmul.o

    ----------------------------------------------------------------------
      3732        112          0          4          0       1900   Library Totals
         4          0          0          0          0          0   (incl. Padding)

    ----------------------------------------------------------------------

      Code (inc. data)   RO Data    RW Data    ZI Data      Debug   Library Name

      2662        112          0          4          0       1244   mc_w.l
      1066          0          0          0          0        656   mf_w.l

    ----------------------------------------------------------------------
      3732        112          0          4          0       1900   Library Totals

    ----------------------------------------------------------------------

==============================================================================


      Code (inc. data)   RO Data    RW Data    ZI Data      Debug   

     25082       1806       2642        120       4888     586992   Grand Totals
     25082       1806       2642        120       4888     586992   ELF Image Totals
     25082       1806       2642        120          0          0   ROM Totals

==============================================================================

    Total RO  Size (Code + RO Data)                27724 (  27.07kB)
    Total RW  Size (RW Data + ZI Data)              5008 (   4.89kB)
    Total ROM Size (Code + RO Data + RW Data)      27844 (  27.19kB)

==============================================================================

